C:/Users/User/STM32CubeIDE/workspace_1.15.0/TFT/Adafruit_GFX_Library_mod/Inc/Adafruit_GFX_mod.h:145:8:void Adafruit_GFX::setCursor(int16_t, int16_t)	16	static
C:/Users/User/STM32CubeIDE/workspace_1.15.0/TFT/Adafruit_GFX_Library_mod/Inc/Adafruit_GFX_mod.h:158:8:void Adafruit_GFX::setTextColor(uint16_t)	16	static
C:/Users/User/STM32CubeIDE/workspace_1.15.0/TFT/Adafruit_GFX_Library_mod/Inc/Adafruit_GFX_mod.h:206:11:int16_t Adafruit_GFX::width() const	16	static
C:/Users/User/STM32CubeIDE/workspace_1.15.0/TFT/Adafruit_GFX_Library_mod/Inc/Adafruit_GFX_mod.h:214:11:int16_t Adafruit_GFX::height() const	16	static
C:/Users/User/STM32CubeIDE/workspace_1.15.0/TFT/Adafruit_GFX_Library_mod/Inc/Adafruit_GFX_mod.h:222:11:uint8_t Adafruit_GFX::getRotation() const	16	static
../Adafruit_GFX_Library_mod/Src/Adafruit_GFX_mod.cpp:70:18:GFXglyph* pgm_read_glyph_ptr(const GFXfont*, uint8_t)	16	static
../Adafruit_GFX_Library_mod/Src/Adafruit_GFX_mod.cpp:82:17:uint8_t* pgm_read_bitmap_ptr(const GFXfont*)	16	static
../Adafruit_GFX_Library_mod/Src/Adafruit_GFX_mod.cpp:115:1:Adafruit_GFX::Adafruit_GFX(int16_t, int16_t)	16	static
../Adafruit_GFX_Library_mod/Src/Adafruit_GFX_mod.cpp:137:6:virtual void Adafruit_GFX::writeLine(int16_t, int16_t, int16_t, int16_t, uint16_t)	56	static
../Adafruit_GFX_Library_mod/Src/Adafruit_GFX_mod.cpp:182:6:virtual void Adafruit_GFX::startWrite()	16	static
../Adafruit_GFX_Library_mod/Src/Adafruit_GFX_mod.cpp:192:6:virtual void Adafruit_GFX::writePixel(int16_t, int16_t, uint16_t)	32	static
../Adafruit_GFX_Library_mod/Src/Adafruit_GFX_mod.cpp:206:6:virtual void Adafruit_GFX::writeFastVLine(int16_t, int16_t, int16_t, uint16_t)	40	static
../Adafruit_GFX_Library_mod/Src/Adafruit_GFX_mod.cpp:224:6:virtual void Adafruit_GFX::writeFastHLine(int16_t, int16_t, int16_t, uint16_t)	40	static
../Adafruit_GFX_Library_mod/Src/Adafruit_GFX_mod.cpp:243:6:virtual void Adafruit_GFX::writeFillRect(int16_t, int16_t, int16_t, int16_t, uint16_t)	40	static
../Adafruit_GFX_Library_mod/Src/Adafruit_GFX_mod.cpp:255:6:virtual void Adafruit_GFX::endWrite()	16	static
../Adafruit_GFX_Library_mod/Src/Adafruit_GFX_mod.cpp:267:6:virtual void Adafruit_GFX::drawFastVLine(int16_t, int16_t, int16_t, uint16_t)	40	static
../Adafruit_GFX_Library_mod/Src/Adafruit_GFX_mod.cpp:284:6:virtual void Adafruit_GFX::drawFastHLine(int16_t, int16_t, int16_t, uint16_t)	40	static
../Adafruit_GFX_Library_mod/Src/Adafruit_GFX_mod.cpp:302:6:virtual void Adafruit_GFX::fillRect(int16_t, int16_t, int16_t, int16_t, uint16_t)	48	static
../Adafruit_GFX_Library_mod/Src/Adafruit_GFX_mod.cpp:318:6:virtual void Adafruit_GFX::fillScreen(uint16_t)	32	static
../Adafruit_GFX_Library_mod/Src/Adafruit_GFX_mod.cpp:332:6:virtual void Adafruit_GFX::drawLine(int16_t, int16_t, int16_t, int16_t, uint16_t)	48	static
../Adafruit_GFX_Library_mod/Src/Adafruit_GFX_mod.cpp:359:6:void Adafruit_GFX::drawCircle(int16_t, int16_t, int16_t, uint16_t)	48	static
../Adafruit_GFX_Library_mod/Src/Adafruit_GFX_mod.cpp:406:6:void Adafruit_GFX::drawCircleHelper(int16_t, int16_t, int16_t, uint8_t, uint16_t)	48	static
../Adafruit_GFX_Library_mod/Src/Adafruit_GFX_mod.cpp:451:6:void Adafruit_GFX::fillCircle(int16_t, int16_t, int16_t, uint16_t)	48	static
../Adafruit_GFX_Library_mod/Src/Adafruit_GFX_mod.cpp:470:6:void Adafruit_GFX::fillCircleHelper(int16_t, int16_t, int16_t, uint8_t, int16_t, uint16_t)	56	static
../Adafruit_GFX_Library_mod/Src/Adafruit_GFX_mod.cpp:522:6:virtual void Adafruit_GFX::drawRect(int16_t, int16_t, int16_t, int16_t, uint16_t)	40	static
../Adafruit_GFX_Library_mod/Src/Adafruit_GFX_mod.cpp:543:6:void Adafruit_GFX::drawRoundRect(int16_t, int16_t, int16_t, int16_t, int16_t, uint16_t)	48	static
../Adafruit_GFX_Library_mod/Src/Adafruit_GFX_mod.cpp:573:6:void Adafruit_GFX::fillRoundRect(int16_t, int16_t, int16_t, int16_t, int16_t, uint16_t)	56	static
../Adafruit_GFX_Library_mod/Src/Adafruit_GFX_mod.cpp:599:6:void Adafruit_GFX::drawTriangle(int16_t, int16_t, int16_t, int16_t, int16_t, int16_t, uint16_t)	40	static
../Adafruit_GFX_Library_mod/Src/Adafruit_GFX_mod.cpp:618:6:void Adafruit_GFX::fillTriangle(int16_t, int16_t, int16_t, int16_t, int16_t, int16_t, uint16_t)	88	static
../Adafruit_GFX_Library_mod/Src/Adafruit_GFX_mod.cpp:716:6:void Adafruit_GFX::drawBitmap(int16_t, int16_t, const uint8_t*, int16_t, int16_t, uint16_t)	40	static
../Adafruit_GFX_Library_mod/Src/Adafruit_GFX_mod.cpp:750:6:void Adafruit_GFX::drawBitmap(int16_t, int16_t, const uint8_t*, int16_t, int16_t, uint16_t, uint16_t)	40	static
../Adafruit_GFX_Library_mod/Src/Adafruit_GFX_mod.cpp:782:6:void Adafruit_GFX::drawBitmap(int16_t, int16_t, uint8_t*, int16_t, int16_t, uint16_t)	40	static
../Adafruit_GFX_Library_mod/Src/Adafruit_GFX_mod.cpp:816:6:void Adafruit_GFX::drawBitmap(int16_t, int16_t, uint8_t*, int16_t, int16_t, uint16_t, uint16_t)	40	static
../Adafruit_GFX_Library_mod/Src/Adafruit_GFX_mod.cpp:850:6:void Adafruit_GFX::drawXBitmap(int16_t, int16_t, const uint8_t*, int16_t, int16_t, uint16_t)	40	static
../Adafruit_GFX_Library_mod/Src/Adafruit_GFX_mod.cpp:884:6:void Adafruit_GFX::drawGrayscaleBitmap(int16_t, int16_t, const uint8_t*, int16_t, int16_t)	40	static
../Adafruit_GFX_Library_mod/Src/Adafruit_GFX_mod.cpp:908:6:void Adafruit_GFX::drawGrayscaleBitmap(int16_t, int16_t, uint8_t*, int16_t, int16_t)	40	static
../Adafruit_GFX_Library_mod/Src/Adafruit_GFX_mod.cpp:934:6:void Adafruit_GFX::drawGrayscaleBitmap(int16_t, int16_t, const uint8_t*, const uint8_t*, int16_t, int16_t)	40	static
../Adafruit_GFX_Library_mod/Src/Adafruit_GFX_mod.cpp:970:6:void Adafruit_GFX::drawGrayscaleBitmap(int16_t, int16_t, uint8_t*, uint8_t*, int16_t, int16_t)	40	static
../Adafruit_GFX_Library_mod/Src/Adafruit_GFX_mod.cpp:1000:6:void Adafruit_GFX::drawRGBBitmap(int16_t, int16_t, const uint16_t*, int16_t, int16_t)	40	static
../Adafruit_GFX_Library_mod/Src/Adafruit_GFX_mod.cpp:1022:6:void Adafruit_GFX::drawRGBBitmap(int16_t, int16_t, uint16_t*, int16_t, int16_t)	40	static
../Adafruit_GFX_Library_mod/Src/Adafruit_GFX_mod.cpp:1047:6:void Adafruit_GFX::drawRGBBitmap(int16_t, int16_t, const uint16_t*, const uint8_t*, int16_t, int16_t)	40	static
../Adafruit_GFX_Library_mod/Src/Adafruit_GFX_mod.cpp:1080:6:void Adafruit_GFX::drawRGBBitmap(int16_t, int16_t, uint16_t*, uint8_t*, int16_t, int16_t)	40	static
../Adafruit_GFX_Library_mod/Src/Adafruit_GFX_mod.cpp:1114:6:void Adafruit_GFX::drawChar(int16_t, int16_t, unsigned char, uint16_t, uint16_t, uint8_t)	40	static
../Adafruit_GFX_Library_mod/Src/Adafruit_GFX_mod.cpp:1133:6:void Adafruit_GFX::drawChar(int16_t, int16_t, unsigned char, uint16_t, uint16_t, uint8_t, uint8_t)	72	static
../Adafruit_GFX_Library_mod/Src/Adafruit_GFX_mod.cpp:1241:8:virtual size_t Adafruit_GFX::write(uint8_t)	64	static
../Adafruit_GFX_Library_mod/Src/Adafruit_GFX_mod.cpp:1294:6:void Adafruit_GFX::setTextSize(uint8_t)	16	static
../Adafruit_GFX_Library_mod/Src/Adafruit_GFX_mod.cpp:1304:6:void Adafruit_GFX::setTextSize(uint8_t, uint8_t)	16	static
../Adafruit_GFX_Library_mod/Src/Adafruit_GFX_mod.cpp:1315:6:virtual void Adafruit_GFX::setRotation(uint8_t)	16	static
../Adafruit_GFX_Library_mod/Src/Adafruit_GFX_mod.cpp:1337:6:void Adafruit_GFX::setFont(const GFXfont*)	16	static
../Adafruit_GFX_Library_mod/Src/Adafruit_GFX_mod.cpp:1370:6:void Adafruit_GFX::charBounds(unsigned char, int16_t*, int16_t*, int16_t*, int16_t*, int16_t*, int16_t*)	64	static
../Adafruit_GFX_Library_mod/Src/Adafruit_GFX_mod.cpp:1447:6:void Adafruit_GFX::getTextBounds(const char*, int16_t, int16_t, int16_t*, int16_t*, uint16_t*, uint16_t*)	56	static
../Adafruit_GFX_Library_mod/Src/Adafruit_GFX_mod.cpp:1488:6:void Adafruit_GFX::getTextBounds(const String&, int16_t, int16_t, int16_t*, int16_t*, uint16_t*, uint16_t*)	40	static
../Adafruit_GFX_Library_mod/Src/Adafruit_GFX_mod.cpp:1539:6:virtual void Adafruit_GFX::invertDisplay(bool)	16	static
../Adafruit_GFX_Library_mod/Src/Adafruit_GFX_mod.cpp:1551:1:Adafruit_GFX_Button::Adafruit_GFX_Button()	16	static
../Adafruit_GFX_Library_mod/Src/Adafruit_GFX_mod.cpp:1569:6:void Adafruit_GFX_Button::initButton(Adafruit_GFX*, int16_t, int16_t, uint16_t, uint16_t, uint16_t, uint16_t, uint16_t, char*, uint8_t)	56	static
../Adafruit_GFX_Library_mod/Src/Adafruit_GFX_mod.cpp:1595:6:void Adafruit_GFX_Button::initButton(Adafruit_GFX*, int16_t, int16_t, uint16_t, uint16_t, uint16_t, uint16_t, uint16_t, char*, uint8_t, uint8_t)	56	static
../Adafruit_GFX_Library_mod/Src/Adafruit_GFX_mod.cpp:1621:6:void Adafruit_GFX_Button::initButtonUL(Adafruit_GFX*, int16_t, int16_t, uint16_t, uint16_t, uint16_t, uint16_t, uint16_t, char*, uint8_t)	56	static
../Adafruit_GFX_Library_mod/Src/Adafruit_GFX_mod.cpp:1647:6:void Adafruit_GFX_Button::initButtonUL(Adafruit_GFX*, int16_t, int16_t, uint16_t, uint16_t, uint16_t, uint16_t, uint16_t, char*, uint8_t, uint8_t)	24	static
../Adafruit_GFX_Library_mod/Src/Adafruit_GFX_mod.cpp:1674:6:void Adafruit_GFX_Button::drawButton(bool)	56	static
../Adafruit_GFX_Library_mod/Src/Adafruit_GFX_mod.cpp:1707:6:bool Adafruit_GFX_Button::contains(int16_t, int16_t)	16	static
../Adafruit_GFX_Library_mod/Src/Adafruit_GFX_mod.cpp:1718:6:bool Adafruit_GFX_Button::justPressed()	16	static
../Adafruit_GFX_Library_mod/Src/Adafruit_GFX_mod.cpp:1726:6:bool Adafruit_GFX_Button::justReleased()	16	static
../Adafruit_GFX_Library_mod/Src/Adafruit_GFX_mod.cpp:1754:1:GFXcanvas1::GFXcanvas1(uint16_t, uint16_t)	24	static
../Adafruit_GFX_Library_mod/Src/Adafruit_GFX_mod.cpp:1766:1:GFXcanvas1::~GFXcanvas1()	16	static
../Adafruit_GFX_Library_mod/Src/Adafruit_GFX_mod.cpp:1779:6:virtual void GFXcanvas1::drawPixel(int16_t, int16_t, uint16_t)	32	static
../Adafruit_GFX_Library_mod/Src/Adafruit_GFX_mod.cpp:1819:6:bool GFXcanvas1::getPixel(int16_t, int16_t) const	24	static
../Adafruit_GFX_Library_mod/Src/Adafruit_GFX_mod.cpp:1851:6:bool GFXcanvas1::getRawPixel(int16_t, int16_t) const	24	static
../Adafruit_GFX_Library_mod/Src/Adafruit_GFX_mod.cpp:1872:6:virtual void GFXcanvas1::fillScreen(uint16_t)	24	static
../Adafruit_GFX_Library_mod/Src/Adafruit_GFX_mod.cpp:1888:6:virtual void GFXcanvas1::drawFastVLine(int16_t, int16_t, int16_t, uint16_t)	48	static
../Adafruit_GFX_Library_mod/Src/Adafruit_GFX_mod.cpp:1944:6:virtual void GFXcanvas1::drawFastHLine(int16_t, int16_t, int16_t, uint16_t)	48	static
../Adafruit_GFX_Library_mod/Src/Adafruit_GFX_mod.cpp:1999:6:void GFXcanvas1::drawFastRawVLine(int16_t, int16_t, int16_t, uint16_t)	40	static
../Adafruit_GFX_Library_mod/Src/Adafruit_GFX_mod.cpp:2029:6:void GFXcanvas1::drawFastRawHLine(int16_t, int16_t, int16_t, uint16_t)	56	static
../Adafruit_GFX_Library_mod/Src/Adafruit_GFX_mod.cpp:2084:1:GFXcanvas8::GFXcanvas8(uint16_t, uint16_t)	24	static
../Adafruit_GFX_Library_mod/Src/Adafruit_GFX_mod.cpp:2096:1:GFXcanvas8::~GFXcanvas8()	16	static
../Adafruit_GFX_Library_mod/Src/Adafruit_GFX_mod.cpp:2109:6:virtual void GFXcanvas8::drawPixel(int16_t, int16_t, uint16_t)	32	static
../Adafruit_GFX_Library_mod/Src/Adafruit_GFX_mod.cpp:2144:9:uint8_t GFXcanvas8::getPixel(int16_t, int16_t) const	24	static
../Adafruit_GFX_Library_mod/Src/Adafruit_GFX_mod.cpp:2175:9:uint8_t GFXcanvas8::getRawPixel(int16_t, int16_t) const	16	static
../Adafruit_GFX_Library_mod/Src/Adafruit_GFX_mod.cpp:2190:6:virtual void GFXcanvas8::fillScreen(uint16_t)	16	static
../Adafruit_GFX_Library_mod/Src/Adafruit_GFX_mod.cpp:2206:6:virtual void GFXcanvas8::drawFastVLine(int16_t, int16_t, int16_t, uint16_t)	48	static
../Adafruit_GFX_Library_mod/Src/Adafruit_GFX_mod.cpp:2262:6:virtual void GFXcanvas8::drawFastHLine(int16_t, int16_t, int16_t, uint16_t)	48	static
../Adafruit_GFX_Library_mod/Src/Adafruit_GFX_mod.cpp:2319:6:void GFXcanvas8::drawFastRawVLine(int16_t, int16_t, int16_t, uint16_t)	32	static
../Adafruit_GFX_Library_mod/Src/Adafruit_GFX_mod.cpp:2339:6:void GFXcanvas8::drawFastRawHLine(int16_t, int16_t, int16_t, uint16_t)	24	static
../Adafruit_GFX_Library_mod/Src/Adafruit_GFX_mod.cpp:2352:1:GFXcanvas16::GFXcanvas16(uint16_t, uint16_t)	24	static
../Adafruit_GFX_Library_mod/Src/Adafruit_GFX_mod.cpp:2364:1:GFXcanvas16::~GFXcanvas16()	16	static
../Adafruit_GFX_Library_mod/Src/Adafruit_GFX_mod.cpp:2377:6:virtual void GFXcanvas16::drawPixel(int16_t, int16_t, uint16_t)	32	static
../Adafruit_GFX_Library_mod/Src/Adafruit_GFX_mod.cpp:2412:10:uint16_t GFXcanvas16::getPixel(int16_t, int16_t) const	24	static
../Adafruit_GFX_Library_mod/Src/Adafruit_GFX_mod.cpp:2443:10:uint16_t GFXcanvas16::getRawPixel(int16_t, int16_t) const	16	static
../Adafruit_GFX_Library_mod/Src/Adafruit_GFX_mod.cpp:2458:6:virtual void GFXcanvas16::fillScreen(uint16_t)	32	static
../Adafruit_GFX_Library_mod/Src/Adafruit_GFX_mod.cpp:2484:6:void GFXcanvas16::byteSwap()	24	static
../Adafruit_GFX_Library_mod/Src/Adafruit_GFX_mod.cpp:2501:6:virtual void GFXcanvas16::drawFastVLine(int16_t, int16_t, int16_t, uint16_t)	48	static
../Adafruit_GFX_Library_mod/Src/Adafruit_GFX_mod.cpp:2556:6:virtual void GFXcanvas16::drawFastHLine(int16_t, int16_t, int16_t, uint16_t)	48	static
../Adafruit_GFX_Library_mod/Src/Adafruit_GFX_mod.cpp:2611:6:void GFXcanvas16::drawFastRawVLine(int16_t, int16_t, int16_t, uint16_t)	32	static
../Adafruit_GFX_Library_mod/Src/Adafruit_GFX_mod.cpp:2630:6:void GFXcanvas16::drawFastRawHLine(int16_t, int16_t, int16_t, uint16_t)	32	static
