../Core/Src/ssd1306.c:61:6:ssd1306_I2C_Write	32	static
../Core/Src/ssd1306.c:68:9:SSD1306_Init	8	static
../Core/Src/ssd1306.c:125:6:SSD1306_DrawPixel	16	static
../Core/Src/ssd1306.c:157:6:SSD1306_Putc	32	static
../Core/Src/ssd1306.c:207:6:SSD1306_customPutc	32	static
../Core/Src/ssd1306.c:259:6:SSD1306_customPuts	32	static
../Core/Src/ssd1306.c:276:6:SSD1306_Puts	24	static
../Core/Src/ssd1306.c:293:6:SSD1306_Fill	16	static
../Core/Src/ssd1306.c:298:6:SSD1306_GotoXY	16	static
../Core/Src/ssd1306.c:304:6:SSD1306_UpdateScreen	152	static
../Core/Src/ssd1306.c:320:6:SSD1306_Clear	8	static
../Core/Src/ssd1306.c:326:6:SSD1306_ON	8	static
../Core/Src/ssd1306.c:331:6:SSD1306_OFF	8	static
../Core/Src/ssd1306.c:337:6:SSD1306_ToggleInvert	16	static
../Core/Src/ssd1306.c:349:6:SSD1306_DrawLine	32	static
../Core/Src/ssd1306.c:422:6:SSD1306_DrawRectangle	32	static
../Core/Src/ssd1306.c:447:6:SSD1306_DrawFilledRectangle	40	static
../Core/Src/ssd1306.c:475:6:SSD1306_DrawBitmap	24	static
