Archive member included to satisfy reference by file (symbol)

C:/ST/STM32CubeIDE_1.15.0/STM32CubeIDE/plugins/com.st.stm32cube.ide.mcu.externaltools.gnu-tools-for-stm32.12.3.rel1.win32_1.1.0.202410251130/tools/bin/../lib/gcc/arm-none-eabi/12.3.1/../../../../arm-none-eabi/lib/thumb/v7-m/nofp\libstdc++_nano.a(string-inst.o)
                              ./Adafruit_GFX_Library_mod/Src/Adafruit_GFX_mod.o (std::__cxx11::basic_string<char, std::char_traits<char>, std::allocator<char> >::length() const)
C:/ST/STM32CubeIDE_1.15.0/STM32CubeIDE/plugins/com.st.stm32cube.ide.mcu.externaltools.gnu-tools-for-stm32.12.3.rel1.win32_1.1.0.202410251130/tools/bin/../lib/gcc/arm-none-eabi/12.3.1/../../../../arm-none-eabi/lib/thumb/v7-m/nofp\libstdc++_nano.a(del_op.o)
                              C:/ST/STM32CubeIDE_1.15.0/STM32CubeIDE/plugins/com.st.stm32cube.ide.mcu.externaltools.gnu-tools-for-stm32.12.3.rel1.win32_1.1.0.202410251130/tools/bin/../lib/gcc/arm-none-eabi/12.3.1/../../../../arm-none-eabi/lib/thumb/v7-m/nofp\libstdc++_nano.a(string-inst.o) (operator delete(void*))
C:/ST/STM32CubeIDE_1.15.0/STM32CubeIDE/plugins/com.st.stm32cube.ide.mcu.externaltools.gnu-tools-for-stm32.12.3.rel1.win32_1.1.0.202410251130/tools/bin/../lib/gcc/arm-none-eabi/12.3.1/../../../../arm-none-eabi/lib/thumb/v7-m/nofp\libstdc++_nano.a(new_op.o)
                              C:/ST/STM32CubeIDE_1.15.0/STM32CubeIDE/plugins/com.st.stm32cube.ide.mcu.externaltools.gnu-tools-for-stm32.12.3.rel1.win32_1.1.0.202410251130/tools/bin/../lib/gcc/arm-none-eabi/12.3.1/../../../../arm-none-eabi/lib/thumb/v7-m/nofp\libstdc++_nano.a(string-inst.o) (operator new(unsigned int))
C:/ST/STM32CubeIDE_1.15.0/STM32CubeIDE/plugins/com.st.stm32cube.ide.mcu.externaltools.gnu-tools-for-stm32.12.3.rel1.win32_1.1.0.202410251130/tools/bin/../lib/gcc/arm-none-eabi/12.3.1/../../../../arm-none-eabi/lib/thumb/v7-m/nofp\libstdc++_nano.a(functexcept.o)
                              C:/ST/STM32CubeIDE_1.15.0/STM32CubeIDE/plugins/com.st.stm32cube.ide.mcu.externaltools.gnu-tools-for-stm32.12.3.rel1.win32_1.1.0.202410251130/tools/bin/../lib/gcc/arm-none-eabi/12.3.1/../../../../arm-none-eabi/lib/thumb/v7-m/nofp\libstdc++_nano.a(string-inst.o) (std::__throw_bad_alloc())
C:/ST/STM32CubeIDE_1.15.0/STM32CubeIDE/plugins/com.st.stm32cube.ide.mcu.externaltools.gnu-tools-for-stm32.12.3.rel1.win32_1.1.0.202410251130/tools/bin/../lib/gcc/arm-none-eabi/12.3.1/../../../../arm-none-eabi/lib/thumb/v7-m/nofp\libstdc++_nano.a(new_handler.o)
                              C:/ST/STM32CubeIDE_1.15.0/STM32CubeIDE/plugins/com.st.stm32cube.ide.mcu.externaltools.gnu-tools-for-stm32.12.3.rel1.win32_1.1.0.202410251130/tools/bin/../lib/gcc/arm-none-eabi/12.3.1/../../../../arm-none-eabi/lib/thumb/v7-m/nofp\libstdc++_nano.a(new_op.o) (std::get_new_handler())
C:/ST/STM32CubeIDE_1.15.0/STM32CubeIDE/plugins/com.st.stm32cube.ide.mcu.externaltools.gnu-tools-for-stm32.12.3.rel1.win32_1.1.0.202410251130/tools/bin/../lib/gcc/arm-none-eabi/12.3.1/../../../../arm-none-eabi/lib/thumb/v7-m/nofp\libc_nano.a(libc_a-abort.o)
                              C:/ST/STM32CubeIDE_1.15.0/STM32CubeIDE/plugins/com.st.stm32cube.ide.mcu.externaltools.gnu-tools-for-stm32.12.3.rel1.win32_1.1.0.202410251130/tools/bin/../lib/gcc/arm-none-eabi/12.3.1/../../../../arm-none-eabi/lib/thumb/v7-m/nofp\libstdc++_nano.a(new_op.o) (abort)
C:/ST/STM32CubeIDE_1.15.0/STM32CubeIDE/plugins/com.st.stm32cube.ide.mcu.externaltools.gnu-tools-for-stm32.12.3.rel1.win32_1.1.0.202410251130/tools/bin/../lib/gcc/arm-none-eabi/12.3.1/../../../../arm-none-eabi/lib/thumb/v7-m/nofp\libc_nano.a(libc_a-exit.o)
                              C:/ST/STM32CubeIDE_1.15.0/STM32CubeIDE/plugins/com.st.stm32cube.ide.mcu.externaltools.gnu-tools-for-stm32.12.3.rel1.win32_1.1.0.202410251130/tools/bin/../lib/gcc/arm-none-eabi/12.3.1/../../../../arm-none-eabi/lib/thumb/v7-m/nofp/crt0.o (exit)
C:/ST/STM32CubeIDE_1.15.0/STM32CubeIDE/plugins/com.st.stm32cube.ide.mcu.externaltools.gnu-tools-for-stm32.12.3.rel1.win32_1.1.0.202410251130/tools/bin/../lib/gcc/arm-none-eabi/12.3.1/../../../../arm-none-eabi/lib/thumb/v7-m/nofp\libc_nano.a(libc_a-malloc.o)
                              ./Adafruit_GFX_Library_mod/Src/Adafruit_GFX_mod.o (malloc)
C:/ST/STM32CubeIDE_1.15.0/STM32CubeIDE/plugins/com.st.stm32cube.ide.mcu.externaltools.gnu-tools-for-stm32.12.3.rel1.win32_1.1.0.202410251130/tools/bin/../lib/gcc/arm-none-eabi/12.3.1/../../../../arm-none-eabi/lib/thumb/v7-m/nofp\libc_nano.a(libc_a-mallocr.o)
                              C:/ST/STM32CubeIDE_1.15.0/STM32CubeIDE/plugins/com.st.stm32cube.ide.mcu.externaltools.gnu-tools-for-stm32.12.3.rel1.win32_1.1.0.202410251130/tools/bin/../lib/gcc/arm-none-eabi/12.3.1/../../../../arm-none-eabi/lib/thumb/v7-m/nofp\libc_nano.a(libc_a-malloc.o) (_malloc_r)
[...]
Memory Configuration

Name             Origin             Length             Attributes
RAM              0x20000000         0x00005000         xrw
FLASH            0x08000000         0x00010000         xr
*default*        0x00000000         0xffffffff

Linker script and memory map

LOAD C:/ST/STM32CubeIDE_1.15.0/STM32CubeIDE/plugins/com.st.stm32cube.ide.mcu.externaltools.gnu-tools-for-stm32.12.3.rel1.win32_1.1.0.202410251130/tools/bin/../lib/gcc/arm-none-eabi/12.3.1/thumb/v7-m/nofp/crti.o
LOAD C:/ST/STM32CubeIDE_1.15.0/STM32CubeIDE/plugins/com.st.stm32cube.ide.mcu.externaltools.gnu-tools-for-stm32.12.3.rel1.win32_1.1.0.202410251130/tools/bin/../lib/gcc/arm-none-eabi/12.3.1/thumb/v7-m/nofp/crtbegin.o
LOAD C:/ST/STM32CubeIDE_1.15.0/STM32CubeIDE/plugins/com.st.stm32cube.ide.mcu.externaltools.gnu-tools-for-stm32.12.3.rel1.win32_1.1.0.202410251130/tools/bin/../lib/gcc/arm-none-eabi/12.3.1/../../../../arm-none-eabi/lib/thumb/v7-m/nofp/crt0.o
LOAD ./Adafruit_GFX_Library_mod/Src/Adafruit_GFX_mod.o
LOAD ./Adafruit_GFX_Library_mod/Src/Adafruit_GrayOLED.o
LOAD ./Adafruit_GFX_Library_mod/Src/Adafruit_SPITFT_mod.o
LOAD ./Adafruit_GFX_Library_mod/Src/glcdfont.o
LOAD ./Adafruit_ST7735_and_ST7789_Library_mod/Src/Adafruit_ST7735_mod.o
LOAD ./Adafruit_ST7735_and_ST7789_Library_mod/Src/Adafruit_ST7789_mod.o
LOAD ./Adafruit_ST7735_and_ST7789_Library_mod/Src/Adafruit_ST77xx_mod.o
LOAD ./Core/Src/CppMain.o
LOAD ./Core/Src/main.o
LOAD ./Core/Src/stm32f1xx_hal_msp.o
LOAD ./Core/Src/stm32f1xx_it.o
LOAD ./Core/Src/syscalls.o
LOAD ./Core/Src/sysmem.o
LOAD ./Core/Src/system_stm32f1xx.o
LOAD ./Core/Startup/startup_stm32f103c8tx.o
LOAD ./Drivers/STM32F1xx_HAL_Driver/Src/stm32f1xx_hal.o
LOAD ./Drivers/STM32F1xx_HAL_Driver/Src/stm32f1xx_hal_cortex.o
LOAD ./Drivers/STM32F1xx_HAL_Driver/Src/stm32f1xx_hal_dma.o
LOAD ./Drivers/STM32F1xx_HAL_Driver/Src/stm32f1xx_hal_exti.o
LOAD ./Drivers/STM32F1xx_HAL_Driver/Src/stm32f1xx_hal_flash.o
LOAD ./Drivers/STM32F1xx_HAL_Driver/Src/stm32f1xx_hal_flash_ex.o
LOAD ./Drivers/STM32F1xx_HAL_Driver/Src/stm32f1xx_hal_gpio.o
LOAD ./Drivers/STM32F1xx_HAL_Driver/Src/stm32f1xx_hal_gpio_ex.o
LOAD ./Drivers/STM32F1xx_HAL_Driver/Src/stm32f1xx_hal_pwr.o
LOAD ./Drivers/STM32F1xx_HAL_Driver/Src/stm32f1xx_hal_rcc.o
LOAD ./Drivers/STM32F1xx_HAL_Driver/Src/stm32f1xx_hal_rcc_ex.o
LOAD ./Drivers/STM32F1xx_HAL_Driver/Src/stm32f1xx_hal_spi.o
START GROUP
LOAD C:/ST/STM32CubeIDE_1.15.0/STM32CubeIDE/plugins/com.st.stm32cube.ide.mcu.externaltools.gnu-tools-for-stm32.12.3.rel1.win32_1.1.0.202410251130/tools/bin/../lib/gcc/arm-none-eabi/12.3.1/../../../../arm-none-eabi/lib/thumb/v7-m/nofp\libstdc++_nano.a
LOAD C:/ST/STM32CubeIDE_1.15.0/STM32CubeIDE/plugins/com.st.stm32cube.ide.mcu.externaltools.gnu-tools-for-stm32.12.3.rel1.win32_1.1.0.202410251130/tools/bin/../lib/gcc/arm-none-eabi/12.3.1/../../../../arm-none-eabi/lib/thumb/v7-m/nofp\libsupc++_nano.a
END GROUP
LOAD C:/ST/STM32CubeIDE_1.15.0/STM32CubeIDE/plugins/com.st.stm32cube.ide.mcu.externaltools.gnu-tools-for-stm32.12.3.rel1.win32_1.1.0.202410251130/tools/bin/../lib/gcc/arm-none-eabi/12.3.1/../../../../arm-none-eabi/lib/thumb/v7-m/nofp\libstdc++_nano.a
LOAD C:/ST/STM32CubeIDE_1.15.0/STM32CubeIDE/plugins/com.st.stm32cube.ide.mcu.externaltools.gnu-tools-for-stm32.12.3.rel1.win32_1.1.0.202410251130/tools/bin/../lib/gcc/arm-none-eabi/12.3.1/../../../../arm-none-eabi/lib/thumb/v7-m/nofp\libm.a
LOAD C:/ST/STM32CubeIDE_1.15.0/STM32CubeIDE/plugins/com.st.stm32cube.ide.mcu.externaltools.gnu-tools-for-stm32.12.3.rel1.win32_1.1.0.202410251130/tools/bin/../lib/gcc/arm-none-eabi/12.3.1/../../../../arm-none-eabi/lib/thumb/v7-m/nofp\libc_nano.a
START GROUP
LOAD C:/ST/STM32CubeIDE_1.15.0/STM32CubeIDE/plugins/com.st.stm32cube.ide.mcu.externaltools.gnu-tools-for-stm32.12.3.rel1.win32_1.1.0.202410251130/tools/bin/../lib/gcc/arm-none-eabi/12.3.1/thumb/v7-m/nofp\libgcc.a
LOAD C:/ST/STM32CubeIDE_1.15.0/STM32CubeIDE/plugins/com.st.stm32cube.ide.mcu.externaltools.gnu-tools-for-stm32.12.3.rel1.win32_1.1.0.202410251130/tools/bin/../lib/gcc/arm-none-eabi/12.3.1/../../../../arm-none-eabi/lib/thumb/v7-m/nofp\libc_nano.a
END GROUP
START GROUP
LOAD C:/ST/STM32CubeIDE_1.15.0/STM32CubeIDE/plugins/com.st.stm32cube.ide.mcu.externaltools.gnu-tools-for-stm32.12.3.rel1.win32_1.1.0.202410251130/tools/bin/../lib/gcc/arm-none-eabi/12.3.1/thumb/v7-m/nofp\libgcc.a
LOAD C:/ST/STM32CubeIDE_1.15.0/STM32CubeIDE/plugins/com.st.stm32cube.ide.mcu.externaltools.gnu-tools-for-stm32.12.3.rel1.win32_1.1.0.202410251130/tools/bin/../lib/gcc/arm-none-eabi/12.3.1/../../../../arm-none-eabi/lib/thumb/v7-m/nofp\libc_nano.a
LOAD C:/ST/STM32CubeIDE_1.15.0/STM32CubeIDE/plugins/com.st.stm32cube.ide.mcu.externaltools.gnu-tools-for-stm32.12.3.rel1.win32_1.1.0.202410251130/tools/bin/../lib/gcc/arm-none-eabi/12.3.1/../../../../arm-none-eabi/lib/thumb/v7-m/nofp\libnosys.a
END GROUP
START GROUP
LOAD C:/ST/STM32CubeIDE_1.15.0/STM32CubeIDE/plugins/com.st.stm32cube.ide.mcu.externaltools.gnu-tools-for-stm32.12.3.rel1.win32_1.1.0.202410251130/tools/bin/../lib/gcc/arm-none-eabi/12.3.1/thumb/v7-m/nofp\libgcc.a
LOAD C:/ST/STM32CubeIDE_1.15.0/STM32CubeIDE/plugins/com.st.stm32cube.ide.mcu.externaltools.gnu-tools-for-stm32.12.3.rel1.win32_1.1.0.202410251130/tools/bin/../lib/gcc/arm-none-eabi/12.3.1/../../../../arm-none-eabi/lib/thumb/v7-m/nofp\libc_nano.a
LOAD C:/ST/STM32CubeIDE_1.15.0/STM32CubeIDE/plugins/com.st.stm32cube.ide.mcu.externaltools.gnu-tools-for-stm32.12.3.rel1.win32_1.1.0.202410251130/tools/bin/../lib/gcc/arm-none-eabi/12.3.1/../../../../arm-none-eabi/lib/thumb/v7-m/nofp\libnosys.a
END GROUP
LOAD C:/ST/STM32CubeIDE_1.15.0/STM32CubeIDE/plugins/com.st.stm32cube.ide.mcu.externaltools.gnu-tools-for-stm32.12.3.rel1.win32_1.1.0.202410251130/tools/bin/../lib/gcc/arm-none-eabi/12.3.1/thumb/v7-m/nofp/crtend.o
LOAD C:/ST/STM32CubeIDE_1.15.0/STM32CubeIDE/plugins/com.st.stm32cube.ide.mcu.externaltools.gnu-tools-for-stm32.12.3.rel1.win32_1.1.0.202410251130/tools/bin/../lib/gcc/arm-none-eabi/12.3.1/thumb/v7-m/nofp/crtn.o
                0x20005000                        _estack = (ORIGIN (RAM) + LENGTH (RAM))
                0x00000200                        _Min_Heap_Size = 0x200
                0x00000400                        _Min_Stack_Size = 0x400

.isr_vector     0x08000000      0x10c
                0x08000000                        . = ALIGN (0x4)
 *(.isr_vector)
 .isr_vector    0x08000000      0x10c ./Core/Startup/startup_stm32f103c8tx.o
                0x08000000                g_pfnVectors
                0x0800010c                        . = ALIGN (0x4)

.text           0x0800010c     0x4f14
                0x0800010c                        . = ALIGN (0x4)
 *(.text)
 .text          0x0800010c       0x40 C:/ST/STM32CubeIDE_1.15.0/STM32CubeIDE/plugins/com.st.stm32cube.ide.mcu.externaltools.gnu-tools-for-stm32.12.3.rel1.win32_1.1.0.202410251130/tools/bin/../lib/gcc/arm-none-eabi/12.3.1/thumb/v7-m/nofp/crtbegin.o
 *(.text*)
 .text._ZN12Adafruit_GFX9setCursorEss
                0x0800014c       0x26 ./Adafruit_GFX_Library_mod/Src/Adafruit_GFX_mod.o
                0x0800014c                Adafruit_GFX::setCursor(short, short)
 .text._ZN12Adafruit_GFX12setTextColorEt
                0x08000172       0x24 ./Adafruit_GFX_Library_mod/Src/Adafruit_GFX_mod.o
                0x08000172                Adafruit_GFX::setTextColor(unsigned short)
 .text._ZNK12Adafruit_GFX5widthEv
                0x08000196       0x18 ./Adafruit_GFX_Library_mod/Src/Adafruit_GFX_mod.o
                0x08000196                Adafruit_GFX::width() const
 .text._ZNK12Adafruit_GFX6heightEv
                0x080001ae       0x18 ./Adafruit_GFX_Library_mod/Src/Adafruit_GFX_mod.o
                0x080001ae                Adafruit_GFX::height() const
 .text._Z18pgm_read_glyph_ptrPK7GFXfonth
                0x080001c6       0x20 ./Adafruit_GFX_Library_mod/Src/Adafruit_GFX_mod.o
                0x080001c6                pgm_read_glyph_ptr(GFXfont const*, unsigned char)
 .text._Z19pgm_read_bitmap_ptrPK7GFXfont
                0x080001e6       0x16 ./Adafruit_GFX_Library_mod/Src/Adafruit_GFX_mod.o
                0x080001e6                pgm_read_bitmap_ptr(GFXfont const*)
 .text._ZN12Adafruit_GFXC2Ess
                0x080001fc       0x8c ./Adafruit_GFX_Library_mod/Src/Adafruit_GFX_mod.o
                0x080001fc                Adafruit_GFX::Adafruit_GFX(short, short)
                0x080001fc                Adafruit_GFX::Adafruit_GFX(short, short)
 .text._ZN12Adafruit_GFX9writeLineEsssst
                0x08000288      0x14c ./Adafruit_GFX_Library_mod/Src/Adafruit_GFX_mod.o
                0x08000288                Adafruit_GFX::writeLine(short, short, short, short, unsigned short)
 .text._ZN12Adafruit_GFX10startWriteEv
                0x080003d4       0x12 ./Adafruit_GFX_Library_mod/Src/Adafruit_GFX_mod.o
                0x080003d4                Adafruit_GFX::startWrite()
 .text._ZN12Adafruit_GFX10writePixelEsst
                0x080003e6       0x36 ./Adafruit_GFX_Library_mod/Src/Adafruit_GFX_mod.o
                0x080003e6                Adafruit_GFX::writePixel(short, short, unsigned short)
 .text._ZN12Adafruit_GFX14writeFastVLineEssst
                0x0800041c       0x40 ./Adafruit_GFX_Library_mod/Src/Adafruit_GFX_mod.o
                0x0800041c                Adafruit_GFX::writeFastVLine(short, short, short, unsigned short)
 .text._ZN12Adafruit_GFX14writeFastHLineEssst
                0x0800045c       0x40 ./Adafruit_GFX_Library_mod/Src/Adafruit_GFX_mod.o
                0x0800045c                Adafruit_GFX::writeFastHLine(short, short, short, unsigned short)
 .text._ZN12Adafruit_GFX13writeFillRectEsssst
                0x0800049c       0x46 ./Adafruit_GFX_Library_mod/Src/Adafruit_GFX_mod.o
                0x0800049c                Adafruit_GFX::writeFillRect(short, short, short, short, unsigned short)
 .text._ZN12Adafruit_GFX8endWriteEv
                0x080004e2       0x12 ./Adafruit_GFX_Library_mod/Src/Adafruit_GFX_mod.o
                0x080004e2                Adafruit_GFX::endWrite()
 .text._ZN12Adafruit_GFX13drawFastVLineEssst
                0x080004f4       0x6a ./Adafruit_GFX_Library_mod/Src/Adafruit_GFX_mod.o
                0x080004f4                Adafruit_GFX::drawFastVLine(short, short, short, unsigned short)
 .text._ZN12Adafruit_GFX13drawFastHLineEssst
                0x0800055e       0x68 ./Adafruit_GFX_Library_mod/Src/Adafruit_GFX_mod.o
                0x0800055e                Adafruit_GFX::drawFastHLine(short, short, short, unsigned short)
 .text._ZN12Adafruit_GFX8fillRectEsssst
                0x080005c6       0x7c ./Adafruit_GFX_Library_mod/Src/Adafruit_GFX_mod.o
                0x080005c6                Adafruit_GFX::fillRect(short, short, short, short, unsigned short)
 .text._ZN12Adafruit_GFX10fillScreenEt
                0x08000642       0x38 ./Adafruit_GFX_Library_mod/Src/Adafruit_GFX_mod.o
                0x08000642                Adafruit_GFX::fillScreen(unsigned short)
 .text._ZN12Adafruit_GFX8drawLineEsssst
                0x0800067a       0xfa ./Adafruit_GFX_Library_mod/Src/Adafruit_GFX_mod.o
                0x0800067a                Adafruit_GFX::drawLine(short, short, short, short, unsigned short)
 .text._ZN12Adafruit_GFX10drawCircleEssst
                0x08000774      0x232 ./Adafruit_GFX_Library_mod/Src/Adafruit_GFX_mod.o
                0x08000774                Adafruit_GFX::drawCircle(short, short, short, unsigned short)
 .text._ZN12Adafruit_GFX16drawCircleHelperEsssht
                0x080009a6      0x1dc ./Adafruit_GFX_Library_mod/Src/Adafruit_GFX_mod.o
                0x080009a6                Adafruit_GFX::drawCircleHelper(short, short, short, unsigned char, unsigned short)
 .text._ZN12Adafruit_GFX10fillCircleEssst
                0x08000b82       0x86 ./Adafruit_GFX_Library_mod/Src/Adafruit_GFX_mod.o
                0x08000b82                Adafruit_GFX::fillCircle(short, short, short, unsigned short)
 .text._ZN12Adafruit_GFX16fillCircleHelperEssshst
                0x08000c08      0x1d8 ./Adafruit_GFX_Library_mod/Src/Adafruit_GFX_mod.o
                0x08000c08                Adafruit_GFX::fillCircleHelper(short, short, short, unsigned char, short, unsigned short)
 .text._ZN12Adafruit_GFX8drawRectEsssst
                0x08000de0       0xc6 ./Adafruit_GFX_Library_mod/Src/Adafruit_GFX_mod.o
                0x08000de0                Adafruit_GFX::drawRect(short, short, short, short, unsigned short)
 .text._ZN12Adafruit_GFX13drawRoundRectEssssst
                0x08000ea6      0x1fc ./Adafruit_GFX_Library_mod/Src/Adafruit_GFX_mod.o
                0x08000ea6                Adafruit_GFX::drawRoundRect(short, short, short, short, short, unsigned short)
 .text._ZN12Adafruit_GFX13fillRoundRectEssssst
                0x080010a2      0x11c ./Adafruit_GFX_Library_mod/Src/Adafruit_GFX_mod.o
                0x080010a2                Adafruit_GFX::fillRoundRect(short, short, short, short, short, unsigned short)
 .text._ZN12Adafruit_GFX12drawTriangleEsssssst
                0x080011be       0x8e ./Adafruit_GFX_Library_mod/Src/Adafruit_GFX_mod.o
                0x080011be                Adafruit_GFX::drawTriangle(short, short, short, short, short, short, unsigned short)
 .text._ZN12Adafruit_GFX12fillTriangleEsssssst
                0x0800124c      0x316 ./Adafruit_GFX_Library_mod/Src/Adafruit_GFX_mod.o
                0x0800124c                Adafruit_GFX::fillTriangle(short, short, short, short, short, short, unsigned short)
 *fill*         0x08001562        0x2 
 .text._ZN12Adafruit_GFX8drawCharEsshtthh
                0x08001564      0x4a4 ./Adafruit_GFX_Library_mod/Src/Adafruit_GFX_mod.o
                0x08001564                Adafruit_GFX::drawChar(short, short, unsigned char, unsigned short, unsigned short, unsigned char, unsigned char)
 .text._ZN12Adafruit_GFX5writeEh
                0x08001a08      0x232 ./Adafruit_GFX_Library_mod/Src/Adafruit_GFX_mod.o
                0x08001a08                Adafruit_GFX::write(unsigned char)
 .text._ZN12Adafruit_GFX11setTextSizeEh
                0x08001c3a       0x20 ./Adafruit_GFX_Library_mod/Src/Adafruit_GFX_mod.o
                0x08001c3a                Adafruit_GFX::setTextSize(unsigned char)
 .text._ZN12Adafruit_GFX11setTextSizeEhh
                0x08001c5a       0x3a ./Adafruit_GFX_Library_mod/Src/Adafruit_GFX_mod.o
                0x08001c5a                Adafruit_GFX::setTextSize(unsigned char, unsigned char)
 .text._ZN12Adafruit_GFX11setRotationEh
                0x08001c94       0x70 ./Adafruit_GFX_Library_mod/Src/Adafruit_GFX_mod.o
                0x08001c94                Adafruit_GFX::setRotation(unsigned char)
 .text._ZN12Adafruit_GFX13invertDisplayEb
                0x08001d04       0x16 ./Adafruit_GFX_Library_mod/Src/Adafruit_GFX_mod.o
                0x08001d04                Adafruit_GFX::invertDisplay(bool)
 *fill*         0x08001d1a        0x2 
 .text._ZN15Adafruit_SPITFT11SPI_CS_HIGHEv
                0x08001d1c       0x28 ./Adafruit_GFX_Library_mod/Src/Adafruit_SPITFT_mod.o
                0x08001d1c                Adafruit_SPITFT::SPI_CS_HIGH()
 .text._ZN15Adafruit_SPITFT10SPI_CS_LOWEv
                0x08001d44       0x28 ./Adafruit_GFX_Library_mod/Src/Adafruit_SPITFT_mod.o
                0x08001d44                Adafruit_SPITFT::SPI_CS_LOW()
 .text._ZN15Adafruit_SPITFT11SPI_DC_HIGHEv
                0x08001d6c       0x28 ./Adafruit_GFX_Library_mod/Src/Adafruit_SPITFT_mod.o
                0x08001d6c                Adafruit_SPITFT::SPI_DC_HIGH()
 .text._ZN15Adafruit_SPITFT10SPI_DC_LOWEv
                0x08001d94       0x28 ./Adafruit_GFX_Library_mod/Src/Adafruit_SPITFT_mod.o
                0x08001d94                Adafruit_SPITFT::SPI_DC_LOW()
 .text._ZN15Adafruit_SPITFTC2Ettaa
                0x08001dbc       0x6c ./Adafruit_GFX_Library_mod/Src/Adafruit_SPITFT_mod.o
                0x08001dbc                Adafruit_SPITFT::Adafruit_SPITFT(unsigned short, unsigned short, signed char, signed char)
                0x08001dbc                Adafruit_SPITFT::Adafruit_SPITFT(unsigned short, unsigned short, signed char, signed char)
 .text._ZN15Adafruit_SPITFT10startWriteEv
                0x08001e28       0x24 ./Adafruit_GFX_Library_mod/Src/Adafruit_SPITFT_mod.o
                0x08001e28                Adafruit_SPITFT::startWrite()
 .text._ZN15Adafruit_SPITFT8endWriteEv
                0x08001e4c       0x24 ./Adafruit_GFX_Library_mod/Src/Adafruit_SPITFT_mod.o
                0x08001e4c                Adafruit_SPITFT::endWrite()
 .text._ZN15Adafruit_SPITFT10writePixelEsst
                0x08001e70       0x6e ./Adafruit_GFX_Library_mod/Src/Adafruit_SPITFT_mod.o
                0x08001e70                Adafruit_SPITFT::writePixel(short, short, unsigned short)
 .text._ZN15Adafruit_SPITFT11writePixelsEPtmbb
                0x08001ede       0x7a ./Adafruit_GFX_Library_mod/Src/Adafruit_SPITFT_mod.o
                0x08001ede                Adafruit_SPITFT::writePixels(unsigned short*, unsigned long, bool, bool)
 .text._ZN15Adafruit_SPITFT10writeColorEtm
                0x08001f58       0x78 ./Adafruit_GFX_Library_mod/Src/Adafruit_SPITFT_mod.o
                0x08001f58                Adafruit_SPITFT::writeColor(unsigned short, unsigned long)
 .text._ZN15Adafruit_SPITFT13writeFillRectEsssst
                0x08001fd0      0x13c ./Adafruit_GFX_Library_mod/Src/Adafruit_SPITFT_mod.o
                0x08001fd0                Adafruit_SPITFT::writeFillRect(short, short, short, short, unsigned short)
 .text._ZN15Adafruit_SPITFT14writeFastHLineEssst
                0x0800210c       0xd0 ./Adafruit_GFX_Library_mod/Src/Adafruit_SPITFT_mod.o
                0x0800210c                Adafruit_SPITFT::writeFastHLine(short, short, short, unsigned short)
 .text._ZN15Adafruit_SPITFT14writeFastVLineEssst
                0x080021dc       0xce ./Adafruit_GFX_Library_mod/Src/Adafruit_SPITFT_mod.o
                0x080021dc                Adafruit_SPITFT::writeFastVLine(short, short, short, unsigned short)
 .text._ZN15Adafruit_SPITFT23writeFillRectPreclippedEsssst
                0x080022aa       0x50 ./Adafruit_GFX_Library_mod/Src/Adafruit_SPITFT_mod.o
                0x080022aa                Adafruit_SPITFT::writeFillRectPreclipped(short, short, short, short, unsigned short)
 .text._ZN15Adafruit_SPITFT9drawPixelEsst
                0x080022fa       0x86 ./Adafruit_GFX_Library_mod/Src/Adafruit_SPITFT_mod.o
                0x080022fa                Adafruit_SPITFT::drawPixel(short, short, unsigned short)
 .text._ZN15Adafruit_SPITFT8fillRectEsssst
                0x08002380      0x154 ./Adafruit_GFX_Library_mod/Src/Adafruit_SPITFT_mod.o
                0x08002380                Adafruit_SPITFT::fillRect(short, short, short, short, unsigned short)
 .text._ZN15Adafruit_SPITFT13drawFastHLineEssst
                0x080024d4       0xe8 ./Adafruit_GFX_Library_mod/Src/Adafruit_SPITFT_mod.o
                0x080024d4                Adafruit_SPITFT::drawFastHLine(short, short, short, unsigned short)
 .text._ZN15Adafruit_SPITFT13drawFastVLineEssst
                0x080025bc       0xe6 ./Adafruit_GFX_Library_mod/Src/Adafruit_SPITFT_mod.o
                0x080025bc                Adafruit_SPITFT::drawFastVLine(short, short, short, unsigned short)
 .text._ZN15Adafruit_SPITFT13invertDisplayEb
                0x080026a2       0x48 ./Adafruit_GFX_Library_mod/Src/Adafruit_SPITFT_mod.o
                0x080026a2                Adafruit_SPITFT::invertDisplay(bool)
 *fill*         0x080026ea        0x2 
 .text._ZN15Adafruit_SPITFT11sendCommandEhPhh
                0x080026ec       0xc0 ./Adafruit_GFX_Library_mod/Src/Adafruit_SPITFT_mod.o
                0x080026ec                Adafruit_SPITFT::sendCommand(unsigned char, unsigned char*, unsigned char)
 .text._ZN15Adafruit_SPITFT8spiWriteEh
                0x080027ac       0x28 ./Adafruit_GFX_Library_mod/Src/Adafruit_SPITFT_mod.o
                0x080027ac                Adafruit_SPITFT::spiWrite(unsigned char)
 .text._ZN15Adafruit_SPITFT12writeCommandEh
                0x080027d4       0x2a ./Adafruit_GFX_Library_mod/Src/Adafruit_SPITFT_mod.o
                0x080027d4                Adafruit_SPITFT::writeCommand(unsigned char)
 *fill*         0x080027fe        0x2 
 .text._ZN15Adafruit_SPITFT11SPI_WRITE16Et
                0x08002800       0x30 ./Adafruit_GFX_Library_mod/Src/Adafruit_SPITFT_mod.o
                0x08002800                Adafruit_SPITFT::SPI_WRITE16(unsigned short)
 .text._ZN15Adafruit_SPITFT11SPI_WRITE32Em
                0x08002830       0x2c ./Adafruit_GFX_Library_mod/Src/Adafruit_SPITFT_mod.o
                0x08002830                Adafruit_SPITFT::SPI_WRITE32(unsigned long)
 .text._ZN15Adafruit_ST7735C2Eaa
                0x0800285c       0x3c ./Adafruit_ST7735_and_ST7789_Library_mod/Src/Adafruit_ST7735_mod.o
                0x0800285c                Adafruit_ST7735::Adafruit_ST7735(signed char, signed char)
                0x0800285c                Adafruit_ST7735::Adafruit_ST7735(signed char, signed char)
 .text._ZN15Adafruit_ST773511setRotationEh
                0x08002898      0x274 ./Adafruit_ST7735_and_ST7789_Library_mod/Src/Adafruit_ST7735_mod.o
                0x08002898                Adafruit_ST7735::setRotation(unsigned char)
 .text._ZN15Adafruit_ST77xxC2Ettaa
                0x08002b0c       0x54 ./Adafruit_ST7735_and_ST7789_Library_mod/Src/Adafruit_ST77xx_mod.o
                0x08002b0c                Adafruit_ST77xx::Adafruit_ST77xx(unsigned short, unsigned short, signed char, signed char)
                0x08002b0c                Adafruit_ST77xx::Adafruit_ST77xx(unsigned short, unsigned short, signed char, signed char)
 .text._ZN15Adafruit_ST77xx13setAddrWindowEtttt
                0x08002b60       0x90 ./Adafruit_ST7735_and_ST7789_Library_mod/Src/Adafruit_ST77xx_mod.o
                0x08002b60                Adafruit_ST77xx::setAddrWindow(unsigned short, unsigned short, unsigned short, unsigned short)
 .text._ZN15Adafruit_ST77xx11setRotationEh
                0x08002bf0       0xcc ./Adafruit_ST7735_and_ST7789_Library_mod/Src/Adafruit_ST77xx_mod.o
                0x08002bf0                Adafruit_ST77xx::setRotation(unsigned char)
 .text._ZN12Adafruit_GFX11setTextWrapEb
                0x08002cbc       0x1c ./Core/Src/CppMain.o
                0x08002cbc                Adafruit_GFX::setTextWrap(bool)
 .text._ZN15Adafruit_SPITFTD2Ev
                0x08002cd8       0x20 ./Core/Src/CppMain.o
                0x08002cd8                Adafruit_SPITFT::~Adafruit_SPITFT()
                0x08002cd8                Adafruit_SPITFT::~Adafruit_SPITFT()
 .text._ZN15Adafruit_ST77xxD2Ev
                0x08002cf8       0x24 ./Core/Src/CppMain.o
                0x08002cf8                Adafruit_ST77xx::~Adafruit_ST77xx()
                0x08002cf8                Adafruit_ST77xx::~Adafruit_ST77xx()
 .text._ZN15Adafruit_ST7735D2Ev
                0x08002d1c       0x24 ./Core/Src/CppMain.o
                0x08002d1c                Adafruit_ST7735::~Adafruit_ST7735()
                0x08002d1c                Adafruit_ST7735::~Adafruit_ST7735()
 .text._Z9testlinest
                0x08002d40      0x328 ./Core/Src/CppMain.o
                0x08002d40                testlines(unsigned short)
 .text._Z12testdrawtextPKct
                0x08003068       0x34 ./Core/Src/CppMain.o
                0x08003068                testdrawtext(char const*, unsigned short)
 .text._Z13testfastlinestt
                0x0800309c       0xb4 ./Core/Src/CppMain.o
                0x0800309c                testfastlines(unsigned short, unsigned short)
 .text._Z13testdrawrectst
                0x08003150       0xb0 ./Core/Src/CppMain.o
                0x08003150                testdrawrects(unsigned short)
 .text._Z13testfillrectstt
                0x08003200      0x110 ./Core/Src/CppMain.o
                0x08003200                testfillrects(unsigned short, unsigned short)
 .text._Z15testfillcirclesht
                0x08003310       0x9c ./Core/Src/CppMain.o
                0x08003310                testfillcircles(unsigned char, unsigned short)
 .text._Z15testdrawcirclesht
                0x080033ac       0xa4 ./Core/Src/CppMain.o
                0x080033ac                testdrawcircles(unsigned char, unsigned short)
 .text._Z13testtrianglesv
                0x08003450       0xa8 ./Core/Src/CppMain.o
                0x08003450                testtriangles()
 .text._Z14testroundrectsv
                0x080034f8       0xb0 ./Core/Src/CppMain.o
                0x080034f8                testroundrects()
 .text._Z12tftPrintTestv
                0x080035a8       0xb4 ./Core/Src/CppMain.o
                0x080035a8                tftPrintTest()
 .text._Z12mediabuttonsv
                0x0800365c      0x124 ./Core/Src/CppMain.o
                0x0800365c                mediabuttons()
 .text.CppMain  0x08003780      0x130 ./Core/Src/CppMain.o
                0x08003780                CppMain
 .text._Z41__static_initialization_and_destruction_0ii
                0x080038b0       0x48 ./Core/Src/CppMain.o
 .text._GLOBAL__sub_I_tft
                0x080038f8       0x10 ./Core/Src/CppMain.o
 .text._GLOBAL__sub_D_tft
                0x08003908       0x10 ./Core/Src/CppMain.o
 .text.main     0x08003918       0x1a ./Core/Src/main.o
                0x08003918                main
 .text.SystemClock_Config
                0x08003932       0x8a ./Core/Src/main.o
                0x08003932                SystemClock_Config
 .text.MX_SPI1_Init
                0x080039bc       0x70 ./Core/Src/main.o
 .text.MX_GPIO_Init
                0x08003a2c       0x94 ./Core/Src/main.o
 .text.Error_Handler
                0x08003ac0        0xc ./Core/Src/main.o
                0x08003ac0                Error_Handler
 .text.HAL_MspInit
                0x08003acc       0x64 ./Core/Src/stm32f1xx_hal_msp.o
                0x08003acc                HAL_MspInit
 .text.HAL_SPI_MspInit
                0x08003b30       0xd4 ./Core/Src/stm32f1xx_hal_msp.o
                0x08003b30                HAL_SPI_MspInit
 .text.NMI_Handler
                0x08003c04        0x8 ./Core/Src/stm32f1xx_it.o
                0x08003c04                NMI_Handler
 .text.HardFault_Handler
                0x08003c0c        0x8 ./Core/Src/stm32f1xx_it.o
                0x08003c0c                HardFault_Handler
 .text.MemManage_Handler
                0x08003c14        0x8 ./Core/Src/stm32f1xx_it.o
                0x08003c14                MemManage_Handler
 .text.BusFault_Handler
                0x08003c1c        0x8 ./Core/Src/stm32f1xx_it.o
                0x08003c1c                BusFault_Handler
 .text.UsageFault_Handler
                0x08003c24        0x8 ./Core/Src/stm32f1xx_it.o
                0x08003c24                UsageFault_Handler
 .text.SVC_Handler
                0x08003c2c        0xc ./Core/Src/stm32f1xx_it.o
                0x08003c2c                SVC_Handler
 .text.DebugMon_Handler
                0x08003c38        0xc ./Core/Src/stm32f1xx_it.o
                0x08003c38                DebugMon_Handler
 .text.PendSV_Handler
                0x08003c44        0xc ./Core/Src/stm32f1xx_it.o
                0x08003c44                PendSV_Handler
 .text.SysTick_Handler
                0x08003c50        0xc ./Core/Src/stm32f1xx_it.o
                0x08003c50                SysTick_Handler
 .text.SystemInit
                0x08003c5c        0xc ./Core/Src/system_stm32f1xx.o
                0x08003c5c                SystemInit
 .text.Reset_Handler
                0x08003c68       0x48 ./Core/Startup/startup_stm32f103c8tx.o
                0x08003c68                Reset_Handler
 .text.Default_Handler
                0x08003cb0        0x2 ./Core/Startup/startup_stm32f103c8tx.o
                0x08003cb0                RTC_Alarm_IRQHandler
                0x08003cb0                EXTI2_IRQHandler
                0x08003cb0                TIM1_CC_IRQHandler
                0x08003cb0                PVD_IRQHandler
                0x08003cb0                EXTI3_IRQHandler
                0x08003cb0                EXTI0_IRQHandler
                0x08003cb0                I2C2_EV_IRQHandler
                0x08003cb0                ADC1_2_IRQHandler
                0x08003cb0                SPI1_IRQHandler
                0x08003cb0                TAMPER_IRQHandler
                0x08003cb0                DMA1_Channel4_IRQHandler
                0x08003cb0                USART3_IRQHandler
                0x08003cb0                RTC_IRQHandler
                0x08003cb0                DMA1_Channel7_IRQHandler
                0x08003cb0                CAN1_RX1_IRQHandler
                0x08003cb0                TIM4_IRQHandler
                0x08003cb0                I2C1_EV_IRQHandler
                0x08003cb0                DMA1_Channel6_IRQHandler
                0x08003cb0                TIM3_IRQHandler
                0x08003cb0                RCC_IRQHandler
                0x08003cb0                TIM1_TRG_COM_IRQHandler
                0x08003cb0                DMA1_Channel1_IRQHandler
                0x08003cb0                Default_Handler
                0x08003cb0                EXTI15_10_IRQHandler
                0x08003cb0                EXTI9_5_IRQHandler
                0x08003cb0                SPI2_IRQHandler
                0x08003cb0                DMA1_Channel5_IRQHandler
                0x08003cb0                EXTI4_IRQHandler
                0x08003cb0                USB_LP_CAN1_RX0_IRQHandler
                0x08003cb0                USB_HP_CAN1_TX_IRQHandler
                0x08003cb0                DMA1_Channel3_IRQHandler
                0x08003cb0                TIM1_UP_IRQHandler
                0x08003cb0                WWDG_IRQHandler
                0x08003cb0                TIM2_IRQHandler
                0x08003cb0                TIM1_BRK_IRQHandler
                0x08003cb0                EXTI1_IRQHandler
                0x08003cb0                USART2_IRQHandler
                0x08003cb0                I2C2_ER_IRQHandler
                0x08003cb0                DMA1_Channel2_IRQHandler
                0x08003cb0                CAN1_SCE_IRQHandler
                0x08003cb0                FLASH_IRQHandler
                0x08003cb0                USART1_IRQHandler
                0x08003cb0                I2C1_ER_IRQHandler
                0x08003cb0                USBWakeUp_IRQHandler
 *fill*         0x08003cb2        0x2 
 .text.HAL_Init
                0x08003cb4       0x2c ./Drivers/STM32F1xx_HAL_Driver/Src/stm32f1xx_hal.o
                0x08003cb4                HAL_Init
 .text.HAL_InitTick
                0x08003ce0       0x60 ./Drivers/STM32F1xx_HAL_Driver/Src/stm32f1xx_hal.o
                0x08003ce0                HAL_InitTick
 .text.HAL_IncTick
                0x08003d40       0x24 ./Drivers/STM32F1xx_HAL_Driver/Src/stm32f1xx_hal.o
                0x08003d40                HAL_IncTick
 .text.HAL_GetTick
                0x08003d64       0x14 ./Drivers/STM32F1xx_HAL_Driver/Src/stm32f1xx_hal.o
                0x08003d64                HAL_GetTick
 .text.HAL_Delay
                0x08003d78       0x48 ./Drivers/STM32F1xx_HAL_Driver/Src/stm32f1xx_hal.o
                0x08003d78                HAL_Delay
 .text.__NVIC_SetPriorityGrouping
                0x08003dc0       0x48 ./Drivers/STM32F1xx_HAL_Driver/Src/stm32f1xx_hal_cortex.o
 .text.__NVIC_GetPriorityGrouping
                0x08003e08       0x1c ./Drivers/STM32F1xx_HAL_Driver/Src/stm32f1xx_hal_cortex.o
 .text.__NVIC_SetPriority
                0x08003e24       0x54 ./Drivers/STM32F1xx_HAL_Driver/Src/stm32f1xx_hal_cortex.o
 .text.NVIC_EncodePriority
                0x08003e78       0x64 ./Drivers/STM32F1xx_HAL_Driver/Src/stm32f1xx_hal_cortex.o
 .text.SysTick_Config
                0x08003edc       0x44 ./Drivers/STM32F1xx_HAL_Driver/Src/stm32f1xx_hal_cortex.o
 .text.HAL_NVIC_SetPriorityGrouping
                0x08003f20       0x16 ./Drivers/STM32F1xx_HAL_Driver/Src/stm32f1xx_hal_cortex.o
                0x08003f20                HAL_NVIC_SetPriorityGrouping
 .text.HAL_NVIC_SetPriority
                0x08003f36       0x38 ./Drivers/STM32F1xx_HAL_Driver/Src/stm32f1xx_hal_cortex.o
                0x08003f36                HAL_NVIC_SetPriority
 .text.HAL_SYSTICK_Config
                0x08003f6e       0x18 ./Drivers/STM32F1xx_HAL_Driver/Src/stm32f1xx_hal_cortex.o
                0x08003f6e                HAL_SYSTICK_Config
 *fill*         0x08003f86        0x2 
 .text.HAL_GPIO_Init
                0x08003f88      0x308 ./Drivers/STM32F1xx_HAL_Driver/Src/stm32f1xx_hal_gpio.o
                0x08003f88                HAL_GPIO_Init
 .text.HAL_GPIO_ReadPin
                0x08004290       0x2e ./Drivers/STM32F1xx_HAL_Driver/Src/stm32f1xx_hal_gpio.o
                0x08004290                HAL_GPIO_ReadPin
 .text.HAL_GPIO_WritePin
                0x080042be       0x30 ./Drivers/STM32F1xx_HAL_Driver/Src/stm32f1xx_hal_gpio.o
                0x080042be                HAL_GPIO_WritePin
 *fill*         0x080042ee        0x2 
 .text.HAL_RCC_OscConfig
                0x080042f0      0x504 ./Drivers/STM32F1xx_HAL_Driver/Src/stm32f1xx_hal_rcc.o
                0x080042f0                HAL_RCC_OscConfig
 .text.HAL_RCC_ClockConfig
                0x080047f4      0x1d4 ./Drivers/STM32F1xx_HAL_Driver/Src/stm32f1xx_hal_rcc.o
                0x080047f4                HAL_RCC_ClockConfig
 .text.HAL_RCC_GetSysClockFreq
                0x080049c8       0xa8 ./Drivers/STM32F1xx_HAL_Driver/Src/stm32f1xx_hal_rcc.o
                0x080049c8                HAL_RCC_GetSysClockFreq
 .text.RCC_Delay
                0x08004a70       0x3c ./Drivers/STM32F1xx_HAL_Driver/Src/stm32f1xx_hal_rcc.o
 .text.HAL_SPI_Init
                0x08004aac      0x108 ./Drivers/STM32F1xx_HAL_Driver/Src/stm32f1xx_hal_spi.o
                0x08004aac                HAL_SPI_Init
 .text.HAL_SPI_Transmit
                0x08004bb4      0x288 ./Drivers/STM32F1xx_HAL_Driver/Src/stm32f1xx_hal_spi.o
                0x08004bb4                HAL_SPI_Transmit
 .text.SPI_WaitFlagStateUntilTimeout
                0x08004e3c      0x110 ./Drivers/STM32F1xx_HAL_Driver/Src/stm32f1xx_hal_spi.o
 .text.SPI_EndRxTxTransaction
                0x08004f4c       0x62 ./Drivers/STM32F1xx_HAL_Driver/Src/stm32f1xx_hal_spi.o
 .text.memset   0x08004fae       0x10 C:/ST/STM32CubeIDE_1.15.0/STM32CubeIDE/plugins/com.st.stm32cube.ide.mcu.externaltools.gnu-tools-for-stm32.12.3.rel1.win32_1.1.0.202410251130/tools/bin/../lib/gcc/arm-none-eabi/12.3.1/../../../../arm-none-eabi/lib/thumb/v7-m/nofp\libc_nano.a(libc_a-memset.o)
                0x08004fae                memset
 *fill*         0x08004fbe        0x2 
 .text.__libc_init_array
                0x08004fc0       0x48 C:/ST/STM32CubeIDE_1.15.0/STM32CubeIDE/plugins/com.st.stm32cube.ide.mcu.externaltools.gnu-tools-for-stm32.12.3.rel1.win32_1.1.0.202410251130/tools/bin/../lib/gcc/arm-none-eabi/12.3.1/../../../../arm-none-eabi/lib/thumb/v7-m/nofp\libc_nano.a(libc_a-init.o)
                0x08004fc0                __libc_init_array
 *(.glue_7)
 .glue_7        0x08005008        0x0 linker stubs
 *(.glue_7t)
 .glue_7t       0x08005008        0x0 linker stubs
 *(.eh_frame)
 .eh_frame      0x08005008        0x0 C:/ST/STM32CubeIDE_1.15.0/STM32CubeIDE/plugins/com.st.stm32cube.ide.mcu.externaltools.gnu-tools-for-stm32.12.3.rel1.win32_1.1.0.202410251130/tools/bin/../lib/gcc/arm-none-eabi/12.3.1/thumb/v7-m/nofp/crtbegin.o
 *(.init)
 .init          0x08005008        0x4 C:/ST/STM32CubeIDE_1.15.0/STM32CubeIDE/plugins/com.st.stm32cube.ide.mcu.externaltools.gnu-tools-for-stm32.12.3.rel1.win32_1.1.0.202410251130/tools/bin/../lib/gcc/arm-none-eabi/12.3.1/thumb/v7-m/nofp/crti.o
                0x08005008                _init
 .init          0x0800500c        0x8 C:/ST/STM32CubeIDE_1.15.0/STM32CubeIDE/plugins/com.st.stm32cube.ide.mcu.externaltools.gnu-tools-for-stm32.12.3.rel1.win32_1.1.0.202410251130/tools/bin/../lib/gcc/arm-none-eabi/12.3.1/thumb/v7-m/nofp/crtn.o
 *(.fini)
 .fini          0x08005014        0x4 C:/ST/STM32CubeIDE_1.15.0/STM32CubeIDE/plugins/com.st.stm32cube.ide.mcu.externaltools.gnu-tools-for-stm32.12.3.rel1.win32_1.1.0.202410251130/tools/bin/../lib/gcc/arm-none-eabi/12.3.1/thumb/v7-m/nofp/crti.o
                0x08005014                _fini
 .fini          0x08005018        0x8 C:/ST/STM32CubeIDE_1.15.0/STM32CubeIDE/plugins/com.st.stm32cube.ide.mcu.externaltools.gnu-tools-for-stm32.12.3.rel1.win32_1.1.0.202410251130/tools/bin/../lib/gcc/arm-none-eabi/12.3.1/thumb/v7-m/nofp/crtn.o
                0x08005020                        . = ALIGN (0x4)
                0x08005020                        _etext = .

.vfp11_veneer   0x08005020        0x0
 .vfp11_veneer  0x08005020        0x0 linker stubs

.v4_bx          0x08005020        0x0
 .v4_bx         0x08005020        0x0 linker stubs

.iplt           0x08005020        0x0
 .iplt          0x08005020        0x0 C:/ST/STM32CubeIDE_1.15.0/STM32CubeIDE/plugins/com.st.stm32cube.ide.mcu.externaltools.gnu-tools-for-stm32.12.3.rel1.win32_1.1.0.202410251130/tools/bin/../lib/gcc/arm-none-eabi/12.3.1/thumb/v7-m/nofp/crtbegin.o

.rodata         0x08005020      0x7d0
                0x08005020                        . = ALIGN (0x4)
 *(.rodata)
 .rodata        0x08005020      0x16e ./Core/Src/CppMain.o
 *(.rodata*)
 *fill*         0x0800518e        0x2 
 .rodata._ZL4font
                0x08005190      0x500 ./Adafruit_GFX_Library_mod/Src/Adafruit_GFX_mod.o
 .rodata._ZTV12Adafruit_GFX
                0x08005690       0x4c ./Adafruit_GFX_Library_mod/Src/Adafruit_GFX_mod.o
                0x08005690                vtable for Adafruit_GFX
 .rodata._ZTV15Adafruit_SPITFT
                0x080056dc       0x50 ./Adafruit_GFX_Library_mod/Src/Adafruit_SPITFT_mod.o
                0x080056dc                vtable for Adafruit_SPITFT
 .rodata._ZTV15Adafruit_ST7735
                0x0800572c       0x50 ./Adafruit_ST7735_and_ST7789_Library_mod/Src/Adafruit_ST7735_mod.o
                0x0800572c                vtable for Adafruit_ST7735
 .rodata._ZTV15Adafruit_ST77xx
                0x0800577c       0x50 ./Adafruit_ST7735_and_ST7789_Library_mod/Src/Adafruit_ST77xx_mod.o
                0x0800577c                vtable for Adafruit_ST77xx
 .rodata.AHBPrescTable
                0x080057cc       0x10 ./Core/Src/system_stm32f1xx.o
                0x080057cc                AHBPrescTable
 .rodata.aPLLMULFactorTable.1
                0x080057dc       0x10 ./Drivers/STM32F1xx_HAL_Driver/Src/stm32f1xx_hal_rcc.o
 .rodata.aPredivFactorTable.0
                0x080057ec        0x2 ./Drivers/STM32F1xx_HAL_Driver/Src/stm32f1xx_hal_rcc.o
                0x080057f0                        . = ALIGN (0x4)
 *fill*         0x080057ee        0x2 

.ARM.extab      0x080057f0        0x0
                0x080057f0                        . = ALIGN (0x4)
 *(.ARM.extab* .gnu.linkonce.armextab.*)
                0x080057f0                        . = ALIGN (0x4)

.ARM            0x080057f0        0x0
                0x080057f0                        . = ALIGN (0x4)
                0x080057f0                        __exidx_start = .
 *(.ARM.exidx*)
                0x080057f0                        __exidx_end = .
                0x080057f0                        . = ALIGN (0x4)

.preinit_array  0x080057f0        0x0
                0x080057f0                        . = ALIGN (0x4)
                0x080057f0                        PROVIDE (__preinit_array_start = .)
 *(.preinit_array*)
                0x080057f0                        PROVIDE (__preinit_array_end = .)
                0x080057f0                        . = ALIGN (0x4)

.init_array     0x080057f0        0x8
                0x080057f0                        . = ALIGN (0x4)
                0x080057f0                        PROVIDE (__init_array_start = .)
 *(SORT_BY_NAME(.init_array.*))
 *(.init_array*)
 .init_array    0x080057f0        0x4 C:/ST/STM32CubeIDE_1.15.0/STM32CubeIDE/plugins/com.st.stm32cube.ide.mcu.externaltools.gnu-tools-for-stm32.12.3.rel1.win32_1.1.0.202410251130/tools/bin/../lib/gcc/arm-none-eabi/12.3.1/thumb/v7-m/nofp/crtbegin.o
 .init_array    0x080057f4        0x4 ./Core/Src/CppMain.o
                0x080057f8                        PROVIDE (__init_array_end = .)
                0x080057f8                        . = ALIGN (0x4)

.fini_array     0x080057f8        0x8
                0x080057f8                        . = ALIGN (0x4)
                [!provide]                        PROVIDE (__fini_array_start = .)
 *(SORT_BY_NAME(.fini_array.*))
 *(.fini_array*)
 .fini_array    0x080057f8        0x4 C:/ST/STM32CubeIDE_1.15.0/STM32CubeIDE/plugins/com.st.stm32cube.ide.mcu.externaltools.gnu-tools-for-stm32.12.3.rel1.win32_1.1.0.202410251130/tools/bin/../lib/gcc/arm-none-eabi/12.3.1/thumb/v7-m/nofp/crtbegin.o
 .fini_array    0x080057fc        0x4 ./Core/Src/CppMain.o
                [!provide]                        PROVIDE (__fini_array_end = .)
                0x08005800                        . = ALIGN (0x4)
                0x08005800                        _sidata = LOADADDR (.data)

.rel.dyn        0x08005800        0x0
 .rel.iplt      0x08005800        0x0 C:/ST/STM32CubeIDE_1.15.0/STM32CubeIDE/plugins/com.st.stm32cube.ide.mcu.externaltools.gnu-tools-for-stm32.12.3.rel1.win32_1.1.0.202410251130/tools/bin/../lib/gcc/arm-none-eabi/12.3.1/thumb/v7-m/nofp/crtbegin.o

.data           0x20000000        0xc load address 0x08005800
                0x20000000                        . = ALIGN (0x4)
                0x20000000                        _sdata = .
 *(.data)
 *(.data*)
 .data.SystemCoreClock
                0x20000000        0x4 ./Core/Src/system_stm32f1xx.o
                0x20000000                SystemCoreClock
 .data.uwTickPrio
                0x20000004        0x4 ./Drivers/STM32F1xx_HAL_Driver/Src/stm32f1xx_hal.o
                0x20000004                uwTickPrio
 .data.uwTickFreq
                0x20000008        0x1 ./Drivers/STM32F1xx_HAL_Driver/Src/stm32f1xx_hal.o
                0x20000008                uwTickFreq
 *(.RamFunc)
 *(.RamFunc*)
                0x2000000c                        . = ALIGN (0x4)
 *fill*         0x20000009        0x3 
                0x2000000c                        _edata = .

.igot.plt       0x2000000c        0x0 load address 0x0800580c
 .igot.plt      0x2000000c        0x0 C:/ST/STM32CubeIDE_1.15.0/STM32CubeIDE/plugins/com.st.stm32cube.ide.mcu.externaltools.gnu-tools-for-stm32.12.3.rel1.win32_1.1.0.202410251130/tools/bin/../lib/gcc/arm-none-eabi/12.3.1/thumb/v7-m/nofp/crtbegin.o
                0x2000000c                        . = ALIGN (0x4)

.bss            0x2000000c       0xc4 load address 0x0800580c
                0x2000000c                        _sbss = .
                0x2000000c                        __bss_start__ = _sbss
 *(.bss)
 .bss           0x2000000c       0x1c C:/ST/STM32CubeIDE_1.15.0/STM32CubeIDE/plugins/com.st.stm32cube.ide.mcu.externaltools.gnu-tools-for-stm32.12.3.rel1.win32_1.1.0.202410251130/tools/bin/../lib/gcc/arm-none-eabi/12.3.1/thumb/v7-m/nofp/crtbegin.o
 *(.bss*)
 .bss._ZZN15Adafruit_SPITFT10writeColorEtmE4temp
                0x20000028       0x20 ./Adafruit_GFX_Library_mod/Src/Adafruit_SPITFT_mod.o
 .bss.tft       0x20000048       0x2c ./Core/Src/CppMain.o
                0x20000048                tft
 .bss.hspi1     0x20000074       0x58 ./Core/Src/main.o
                0x20000074                hspi1
 .bss.uwTick    0x200000cc        0x4 ./Drivers/STM32F1xx_HAL_Driver/Src/stm32f1xx_hal.o
                0x200000cc                uwTick
 *(COMMON)
                0x200000d0                        . = ALIGN (0x4)
                0x200000d0                        _ebss = .
                0x200000d0                        __bss_end__ = _ebss

._user_heap_stack
                0x200000d0      0x600 load address 0x0800580c
                0x200000d0                        . = ALIGN (0x8)
                [!provide]                        PROVIDE (end = .)
                0x200000d0                        PROVIDE (_end = .)
                0x200002d0                        . = (. + _Min_Heap_Size)
 *fill*         0x200000d0      0x200 
                0x200006d0                        . = (. + _Min_Stack_Size)
 *fill*         0x200002d0      0x400 
                0x200006d0                        . = ALIGN (0x8)

/DISCARD/
 libc.a(*)
 libm.a(*)
 libgcc.a(*)

.ARM.attributes
                0x00000000       0x29
 *(.ARM.attributes)
 .ARM.attributes
                0x00000000       0x1d C:/ST/STM32CubeIDE_1.15.0/STM32CubeIDE/plugins/com.st.stm32cube.ide.mcu.externaltools.gnu-tools-for-stm32.12.3.rel1.win32_1.1.0.202410251130/tools/bin/../lib/gcc/arm-none-eabi/12.3.1/thumb/v7-m/nofp/crti.o
 .ARM.attributes
                0x0000001d       0x2d C:/ST/STM32CubeIDE_1.15.0/STM32CubeIDE/plugins/com.st.stm32cube.ide.mcu.externaltools.gnu-tools-for-stm32.12.3.rel1.win32_1.1.0.202410251130/tools/bin/../lib/gcc/arm-none-eabi/12.3.1/thumb/v7-m/nofp/crtbegin.o
 .ARM.attributes
                0x0000004a       0x2d ./Adafruit_GFX_Library_mod/Src/Adafruit_GFX_mod.o
 .ARM.attributes
                0x00000077       0x2d ./Adafruit_GFX_Library_mod/Src/Adafruit_SPITFT_mod.o
 .ARM.attributes
                0x000000a4       0x2d ./Adafruit_ST7735_and_ST7789_Library_mod/Src/Adafruit_ST7735_mod.o
 .ARM.attributes
                0x000000d1       0x2d ./Adafruit_ST7735_and_ST7789_Library_mod/Src/Adafruit_ST77xx_mod.o
 .ARM.attributes
                0x000000fe       0x2d ./Core/Src/CppMain.o
 .ARM.attributes
                0x0000012b       0x2d ./Core/Src/main.o
 .ARM.attributes
                0x00000158       0x2d ./Core/Src/stm32f1xx_hal_msp.o
 .ARM.attributes
                0x00000185       0x2d ./Core/Src/stm32f1xx_it.o
 .ARM.attributes
                0x000001b2       0x2d ./Core/Src/system_stm32f1xx.o
 .ARM.attributes
                0x000001df       0x21 ./Core/Startup/startup_stm32f103c8tx.o
 .ARM.attributes
                0x00000200       0x2d ./Drivers/STM32F1xx_HAL_Driver/Src/stm32f1xx_hal.o
 .ARM.attributes
                0x0000022d       0x2d ./Drivers/STM32F1xx_HAL_Driver/Src/stm32f1xx_hal_cortex.o
 .ARM.attributes
                0x0000025a       0x2d ./Drivers/STM32F1xx_HAL_Driver/Src/stm32f1xx_hal_gpio.o
 .ARM.attributes
                0x00000287       0x2d ./Drivers/STM32F1xx_HAL_Driver/Src/stm32f1xx_hal_rcc.o
 .ARM.attributes
                0x000002b4       0x2d ./Drivers/STM32F1xx_HAL_Driver/Src/stm32f1xx_hal_spi.o
 .ARM.attributes
                0x000002e1       0x2d C:/ST/STM32CubeIDE_1.15.0/STM32CubeIDE/plugins/com.st.stm32cube.ide.mcu.externaltools.gnu-tools-for-stm32.12.3.rel1.win32_1.1.0.202410251130/tools/bin/../lib/gcc/arm-none-eabi/12.3.1/../../../../arm-none-eabi/lib/thumb/v7-m/nofp\libc_nano.a(libc_a-memset.o)
 .ARM.attributes
                0x0000030e       0x2d C:/ST/STM32CubeIDE_1.15.0/STM32CubeIDE/plugins/com.st.stm32cube.ide.mcu.externaltools.gnu-tools-for-stm32.12.3.rel1.win32_1.1.0.202410251130/tools/bin/../lib/gcc/arm-none-eabi/12.3.1/../../../../arm-none-eabi/lib/thumb/v7-m/nofp\libc_nano.a(libc_a-init.o)
 .ARM.attributes
                0x0000033b       0x1d C:/ST/STM32CubeIDE_1.15.0/STM32CubeIDE/plugins/com.st.stm32cube.ide.mcu.externaltools.gnu-tools-for-stm32.12.3.rel1.win32_1.1.0.202410251130/tools/bin/../lib/gcc/arm-none-eabi/12.3.1/thumb/v7-m/nofp/crtn.o
OUTPUT(TFT.elf elf32-littlearm)
LOAD linker stubs
LOAD C:/ST/STM32CubeIDE_1.15.0/STM32CubeIDE/plugins/com.st.stm32cube.ide.mcu.externaltools.gnu-tools-for-stm32.12.3.rel1.win32_1.1.0.202410251130/tools/bin/../lib/gcc/arm-none-eabi/12.3.1/../../../../arm-none-eabi/lib/thumb/v7-m/nofp\libc.a
LOAD C:/ST/STM32CubeIDE_1.15.0/STM32CubeIDE/plugins/com.st.stm32cube.ide.mcu.externaltools.gnu-tools-for-stm32.12.3.rel1.win32_1.1.0.202410251130/tools/bin/../lib/gcc/arm-none-eabi/12.3.1/../../../../arm-none-eabi/lib/thumb/v7-m/nofp\libm.a
LOAD C:/ST/STM32CubeIDE_1.15.0/STM32CubeIDE/plugins/com.st.stm32cube.ide.mcu.externaltools.gnu-tools-for-stm32.12.3.rel1.win32_1.1.0.202410251130/tools/bin/../lib/gcc/arm-none-eabi/12.3.1/thumb/v7-m/nofp\libgcc.a

.debug_info     0x00000000    0x204be
 .debug_info    0x00000000     0xb54a ./Adafruit_GFX_Library_mod/Src/Adafruit_GFX_mod.o
 .debug_info    0x0000b54a     0x3ab1 ./Adafruit_GFX_Library_mod/Src/Adafruit_SPITFT_mod.o
 .debug_info    0x0000effb     0x4fcc ./Adafruit_ST7735_and_ST7789_Library_mod/Src/Adafruit_ST7735_mod.o
 .debug_info    0x00013fc7     0x29db ./Adafruit_ST7735_and_ST7789_Library_mod/Src/Adafruit_ST77xx_mod.o
 .debug_info    0x000169a2     0x527f ./Core/Src/CppMain.o
 .debug_info    0x0001bc21      0x9a9 ./Core/Src/main.o
 .debug_info    0x0001c5ca      0x857 ./Core/Src/stm32f1xx_hal_msp.o
 .debug_info    0x0001ce21      0x113 ./Core/Src/stm32f1xx_it.o
 .debug_info    0x0001cf34      0x222 ./Core/Src/system_stm32f1xx.o
 .debug_info    0x0001d156       0x30 ./Core/Startup/startup_stm32f103c8tx.o
 .debug_info    0x0001d186      0x704 ./Drivers/STM32F1xx_HAL_Driver/Src/stm32f1xx_hal.o
 .debug_info    0x0001d88a      0xa87 ./Drivers/STM32F1xx_HAL_Driver/Src/stm32f1xx_hal_cortex.o
 .debug_info    0x0001e311      0x5ab ./Drivers/STM32F1xx_HAL_Driver/Src/stm32f1xx_hal_gpio.o
 .debug_info    0x0001e8bc      0x7d5 ./Drivers/STM32F1xx_HAL_Driver/Src/stm32f1xx_hal_rcc.o
 .debug_info    0x0001f091     0x142d ./Drivers/STM32F1xx_HAL_Driver/Src/stm32f1xx_hal_spi.o

.debug_abbrev   0x00000000     0x33e6
 .debug_abbrev  0x00000000      0x88a ./Adafruit_GFX_Library_mod/Src/Adafruit_GFX_mod.o
 .debug_abbrev  0x0000088a      0x59b ./Adafruit_GFX_Library_mod/Src/Adafruit_SPITFT_mod.o
 .debug_abbrev  0x00000e25      0x774 ./Adafruit_ST7735_and_ST7789_Library_mod/Src/Adafruit_ST7735_mod.o
 .debug_abbrev  0x00001599      0x4c8 ./Adafruit_ST7735_and_ST7789_Library_mod/Src/Adafruit_ST77xx_mod.o
 .debug_abbrev  0x00001a61      0x7c8 ./Core/Src/CppMain.o
 .debug_abbrev  0x00002229      0x24b ./Core/Src/main.o
 .debug_abbrev  0x00002474      0x1ac ./Core/Src/stm32f1xx_hal_msp.o
 .debug_abbrev  0x00002620       0x73 ./Core/Src/stm32f1xx_it.o
 .debug_abbrev  0x00002693      0x13f ./Core/Src/system_stm32f1xx.o
 .debug_abbrev  0x000027d2       0x24 ./Core/Startup/startup_stm32f103c8tx.o
 .debug_abbrev  0x000027f6      0x201 ./Drivers/STM32F1xx_HAL_Driver/Src/stm32f1xx_hal.o
 .debug_abbrev  0x000029f7      0x2f8 ./Drivers/STM32F1xx_HAL_Driver/Src/stm32f1xx_hal_cortex.o
 .debug_abbrev  0x00002cef      0x1ca ./Drivers/STM32F1xx_HAL_Driver/Src/stm32f1xx_hal_gpio.o
 .debug_abbrev  0x00002eb9      0x2b3 ./Drivers/STM32F1xx_HAL_Driver/Src/stm32f1xx_hal_rcc.o
 .debug_abbrev  0x0000316c      0x27a ./Drivers/STM32F1xx_HAL_Driver/Src/stm32f1xx_hal_spi.o

.debug_aranges  0x00000000      0xb58
 .debug_aranges
                0x00000000      0x300 ./Adafruit_GFX_Library_mod/Src/Adafruit_GFX_mod.o
 .debug_aranges
                0x00000300      0x138 ./Adafruit_GFX_Library_mod/Src/Adafruit_SPITFT_mod.o
 .debug_aranges
                0x00000438       0x38 ./Adafruit_ST7735_and_ST7789_Library_mod/Src/Adafruit_ST7735_mod.o
 .debug_aranges
                0x00000470       0x60 ./Adafruit_ST7735_and_ST7789_Library_mod/Src/Adafruit_ST77xx_mod.o
 .debug_aranges
                0x000004d0       0xd0 ./Core/Src/CppMain.o
 .debug_aranges
                0x000005a0       0x40 ./Core/Src/main.o
 .debug_aranges
                0x000005e0       0x30 ./Core/Src/stm32f1xx_hal_msp.o
 .debug_aranges
                0x00000610       0x60 ./Core/Src/stm32f1xx_it.o
 .debug_aranges
                0x00000670       0x28 ./Core/Src/system_stm32f1xx.o
 .debug_aranges
                0x00000698       0x28 ./Core/Startup/startup_stm32f103c8tx.o
 .debug_aranges
                0x000006c0       0xe0 ./Drivers/STM32F1xx_HAL_Driver/Src/stm32f1xx_hal.o
 .debug_aranges
                0x000007a0      0x100 ./Drivers/STM32F1xx_HAL_Driver/Src/stm32f1xx_hal_cortex.o
 .debug_aranges
                0x000008a0       0x58 ./Drivers/STM32F1xx_HAL_Driver/Src/stm32f1xx_hal_gpio.o
 .debug_aranges
                0x000008f8       0x90 ./Drivers/STM32F1xx_HAL_Driver/Src/stm32f1xx_hal_rcc.o
 .debug_aranges
                0x00000988      0x1d0 ./Drivers/STM32F1xx_HAL_Driver/Src/stm32f1xx_hal_spi.o

.debug_rnglists
                0x00000000      0x8e5
 .debug_rnglists
                0x00000000      0x2ac ./Adafruit_GFX_Library_mod/Src/Adafruit_GFX_mod.o
 .debug_rnglists
                0x000002ac       0xf0 ./Adafruit_GFX_Library_mod/Src/Adafruit_SPITFT_mod.o
 .debug_rnglists
                0x0000039c       0x27 ./Adafruit_ST7735_and_ST7789_Library_mod/Src/Adafruit_ST7735_mod.o
 .debug_rnglists
                0x000003c3       0x46 ./Adafruit_ST7735_and_ST7789_Library_mod/Src/Adafruit_ST77xx_mod.o
 .debug_rnglists
                0x00000409       0xa2 ./Core/Src/CppMain.o
 .debug_rnglists
                0x000004ab       0x2d ./Core/Src/main.o
 .debug_rnglists
                0x000004d8       0x20 ./Core/Src/stm32f1xx_hal_msp.o
 .debug_rnglists
                0x000004f8       0x43 ./Core/Src/stm32f1xx_it.o
 .debug_rnglists
                0x0000053b       0x1a ./Core/Src/system_stm32f1xx.o
 .debug_rnglists
                0x00000555       0x19 ./Core/Startup/startup_stm32f103c8tx.o
 .debug_rnglists
                0x0000056e       0xa3 ./Drivers/STM32F1xx_HAL_Driver/Src/stm32f1xx_hal.o
 .debug_rnglists
                0x00000611       0xbb ./Drivers/STM32F1xx_HAL_Driver/Src/stm32f1xx_hal_cortex.o
 .debug_rnglists
                0x000006cc       0x3f ./Drivers/STM32F1xx_HAL_Driver/Src/stm32f1xx_hal_gpio.o
 .debug_rnglists
                0x0000070b       0x6c ./Drivers/STM32F1xx_HAL_Driver/Src/stm32f1xx_hal_rcc.o
 .debug_rnglists
                0x00000777      0x16e ./Drivers/STM32F1xx_HAL_Driver/Src/stm32f1xx_hal_spi.o

.debug_macro    0x00000000    0x1a939
 .debug_macro   0x00000000      0x4e1 ./Adafruit_GFX_Library_mod/Src/Adafruit_GFX_mod.o
 .debug_macro   0x000004e1      0xb80 ./Adafruit_GFX_Library_mod/Src/Adafruit_GFX_mod.o
 .debug_macro   0x00001061       0x1c ./Adafruit_GFX_Library_mod/Src/Adafruit_GFX_mod.o
 .debug_macro   0x0000107d       0x22 ./Adafruit_GFX_Library_mod/Src/Adafruit_GFX_mod.o
 .debug_macro   0x0000109f       0x8e ./Adafruit_GFX_Library_mod/Src/Adafruit_GFX_mod.o
 .debug_macro   0x0000112d       0x51 ./Adafruit_GFX_Library_mod/Src/Adafruit_GFX_mod.o
 .debug_macro   0x0000117e      0x103 ./Adafruit_GFX_Library_mod/Src/Adafruit_GFX_mod.o
 .debug_macro   0x00001281       0x6a ./Adafruit_GFX_Library_mod/Src/Adafruit_GFX_mod.o
 .debug_macro   0x000012eb      0x1df ./Adafruit_GFX_Library_mod/Src/Adafruit_GFX_mod.o
 .debug_macro   0x000014ca      0x1d6 ./Adafruit_GFX_Library_mod/Src/Adafruit_GFX_mod.o
 .debug_macro   0x000016a0       0x10 ./Adafruit_GFX_Library_mod/Src/Adafruit_GFX_mod.o
 .debug_macro   0x000016b0      0x417 ./Adafruit_GFX_Library_mod/Src/Adafruit_GFX_mod.o
 .debug_macro   0x00001ac7       0x61 ./Adafruit_GFX_Library_mod/Src/Adafruit_GFX_mod.o
 .debug_macro   0x00001b28       0x24 ./Adafruit_GFX_Library_mod/Src/Adafruit_GFX_mod.o
 .debug_macro   0x00001b4c       0x43 ./Adafruit_GFX_Library_mod/Src/Adafruit_GFX_mod.o
 .debug_macro   0x00001b8f       0x34 ./Adafruit_GFX_Library_mod/Src/Adafruit_GFX_mod.o
 .debug_macro   0x00001bc3      0x190 ./Adafruit_GFX_Library_mod/Src/Adafruit_GFX_mod.o
 .debug_macro   0x00001d53       0x16 ./Adafruit_GFX_Library_mod/Src/Adafruit_GFX_mod.o
 .debug_macro   0x00001d69       0x43 ./Adafruit_GFX_Library_mod/Src/Adafruit_GFX_mod.o
 .debug_macro   0x00001dac       0x34 ./Adafruit_GFX_Library_mod/Src/Adafruit_GFX_mod.o
 .debug_macro   0x00001de0       0x10 ./Adafruit_GFX_Library_mod/Src/Adafruit_GFX_mod.o
 .debug_macro   0x00001df0       0x58 ./Adafruit_GFX_Library_mod/Src/Adafruit_GFX_mod.o
 .debug_macro   0x00001e48       0x8e ./Adafruit_GFX_Library_mod/Src/Adafruit_GFX_mod.o
 .debug_macro   0x00001ed6       0x16 ./Adafruit_GFX_Library_mod/Src/Adafruit_GFX_mod.o
 .debug_macro   0x00001eec      0x177 ./Adafruit_GFX_Library_mod/Src/Adafruit_GFX_mod.o
 .debug_macro   0x00002063       0x1c ./Adafruit_GFX_Library_mod/Src/Adafruit_GFX_mod.o
 .debug_macro   0x0000207f       0x3c ./Adafruit_GFX_Library_mod/Src/Adafruit_GFX_mod.o
 .debug_macro   0x000020bb      0x38c ./Adafruit_GFX_Library_mod/Src/Adafruit_GFX_mod.o
 .debug_macro   0x00002447       0x10 ./Adafruit_GFX_Library_mod/Src/Adafruit_GFX_mod.o
 .debug_macro   0x00002457       0x10 ./Adafruit_GFX_Library_mod/Src/Adafruit_GFX_mod.o
 .debug_macro   0x00002467       0x33 ./Adafruit_GFX_Library_mod/Src/Adafruit_GFX_mod.o
 .debug_macro   0x0000249a      0x173 ./Adafruit_GFX_Library_mod/Src/Adafruit_GFX_mod.o
 .debug_macro   0x0000260d       0x41 ./Adafruit_GFX_Library_mod/Src/Adafruit_GFX_mod.o
 .debug_macro   0x0000264e       0x1c ./Adafruit_GFX_Library_mod/Src/Adafruit_GFX_mod.o
 .debug_macro   0x0000266a       0x1f ./Adafruit_GFX_Library_mod/Src/Adafruit_GFX_mod.o
 .debug_macro   0x00002689       0x2c ./Adafruit_GFX_Library_mod/Src/Adafruit_GFX_mod.o
 .debug_macro   0x000026b5       0x11 ./Adafruit_GFX_Library_mod/Src/Adafruit_GFX_mod.o
 .debug_macro   0x000026c6       0x18 ./Adafruit_GFX_Library_mod/Src/Adafruit_GFX_mod.o
 .debug_macro   0x000026de       0x10 ./Adafruit_GFX_Library_mod/Src/Adafruit_GFX_mod.o
 .debug_macro   0x000026ee       0x35 ./Adafruit_GFX_Library_mod/Src/Adafruit_GFX_mod.o
 .debug_macro   0x00002723       0x5e ./Adafruit_GFX_Library_mod/Src/Adafruit_GFX_mod.o
 .debug_macro   0x00002781       0x16 ./Adafruit_GFX_Library_mod/Src/Adafruit_GFX_mod.o
 .debug_macro   0x00002797       0x52 ./Adafruit_GFX_Library_mod/Src/Adafruit_GFX_mod.o
 .debug_macro   0x000027e9       0x5e ./Adafruit_GFX_Library_mod/Src/Adafruit_GFX_mod.o
 .debug_macro   0x00002847       0x28 ./Adafruit_GFX_Library_mod/Src/Adafruit_GFX_mod.o
 .debug_macro   0x0000286f       0x2e ./Adafruit_GFX_Library_mod/Src/Adafruit_GFX_mod.o
 .debug_macro   0x0000289d       0x19 ./Adafruit_GFX_Library_mod/Src/Adafruit_GFX_mod.o
 .debug_macro   0x000028b6       0x11 ./Adafruit_GFX_Library_mod/Src/Adafruit_GFX_mod.o
 .debug_macro   0x000028c7       0x4f ./Adafruit_GFX_Library_mod/Src/Adafruit_GFX_mod.o
 .debug_macro   0x00002916       0x18 ./Adafruit_GFX_Library_mod/Src/Adafruit_GFX_mod.o
 .debug_macro   0x0000292e       0x19 ./Adafruit_GFX_Library_mod/Src/Adafruit_GFX_mod.o
 .debug_macro   0x00002947       0x88 ./Adafruit_GFX_Library_mod/Src/Adafruit_GFX_mod.o
 .debug_macro   0x000029cf       0x19 ./Adafruit_GFX_Library_mod/Src/Adafruit_GFX_mod.o
 .debug_macro   0x000029e8       0x1c ./Adafruit_GFX_Library_mod/Src/Adafruit_GFX_mod.o
 .debug_macro   0x00002a04       0x10 ./Adafruit_GFX_Library_mod/Src/Adafruit_GFX_mod.o
 .debug_macro   0x00002a14       0x16 ./Adafruit_GFX_Library_mod/Src/Adafruit_GFX_mod.o
 .debug_macro   0x00002a2a       0x16 ./Adafruit_GFX_Library_mod/Src/Adafruit_GFX_mod.o
 .debug_macro   0x00002a40       0x29 ./Adafruit_GFX_Library_mod/Src/Adafruit_GFX_mod.o
 .debug_macro   0x00002a69       0x1c ./Adafruit_GFX_Library_mod/Src/Adafruit_GFX_mod.o
 .debug_macro   0x00002a85       0xde ./Adafruit_GFX_Library_mod/Src/Adafruit_GFX_mod.o
 .debug_macro   0x00002b63       0x1c ./Adafruit_GFX_Library_mod/Src/Adafruit_GFX_mod.o
 .debug_macro   0x00002b7f       0x10 ./Adafruit_GFX_Library_mod/Src/Adafruit_GFX_mod.o
 .debug_macro   0x00002b8f       0x16 ./Adafruit_GFX_Library_mod/Src/Adafruit_GFX_mod.o
 .debug_macro   0x00002ba5      0x131 ./Adafruit_GFX_Library_mod/Src/Adafruit_GFX_mod.o
 .debug_macro   0x00002cd6      0x11d ./Adafruit_GFX_Library_mod/Src/Adafruit_GFX_mod.o
 .debug_macro   0x00002df3       0x10 ./Adafruit_GFX_Library_mod/Src/Adafruit_GFX_mod.o
 .debug_macro   0x00002e03      0x242 ./Adafruit_GFX_Library_mod/Src/Adafruit_GFX_mod.o
 .debug_macro   0x00003045       0x11 ./Adafruit_GFX_Library_mod/Src/Adafruit_GFX_mod.o
 .debug_macro   0x00003056       0x19 ./Adafruit_GFX_Library_mod/Src/Adafruit_GFX_mod.o
 .debug_macro   0x0000306f       0x18 ./Adafruit_GFX_Library_mod/Src/Adafruit_GFX_mod.o
 .debug_macro   0x00003087       0x16 ./Adafruit_GFX_Library_mod/Src/Adafruit_GFX_mod.o
 .debug_macro   0x0000309d       0x20 ./Adafruit_GFX_Library_mod/Src/Adafruit_GFX_mod.o
 .debug_macro   0x000030bd       0x8e ./Adafruit_GFX_Library_mod/Src/Adafruit_GFX_mod.o
 .debug_macro   0x0000314b       0x16 ./Adafruit_GFX_Library_mod/Src/Adafruit_GFX_mod.o
 .debug_macro   0x00003161      0x60c ./Adafruit_GFX_Library_mod/Src/Adafruit_SPITFT_mod.o
 .debug_macro   0x0000376d      0x215 ./Adafruit_GFX_Library_mod/Src/Adafruit_SPITFT_mod.o
 .debug_macro   0x00003982       0x2e ./Adafruit_GFX_Library_mod/Src/Adafruit_SPITFT_mod.o
 .debug_macro   0x000039b0       0x22 ./Adafruit_GFX_Library_mod/Src/Adafruit_SPITFT_mod.o
 .debug_macro   0x000039d2       0x1c ./Adafruit_GFX_Library_mod/Src/Adafruit_SPITFT_mod.o
 .debug_macro   0x000039ee       0x22 ./Adafruit_GFX_Library_mod/Src/Adafruit_SPITFT_mod.o
 .debug_macro   0x00003a10       0xbd ./Adafruit_GFX_Library_mod/Src/Adafruit_SPITFT_mod.o
 .debug_macro   0x00003acd      0xd23 ./Adafruit_GFX_Library_mod/Src/Adafruit_SPITFT_mod.o
 .debug_macro   0x000047f0     0xe09e ./Adafruit_GFX_Library_mod/Src/Adafruit_SPITFT_mod.o
 .debug_macro   0x0001288e       0x6d ./Adafruit_GFX_Library_mod/Src/Adafruit_SPITFT_mod.o
 .debug_macro   0x000128fb     0x34a2 ./Adafruit_GFX_Library_mod/Src/Adafruit_SPITFT_mod.o
 .debug_macro   0x00015d9d       0x56 ./Adafruit_GFX_Library_mod/Src/Adafruit_SPITFT_mod.o
 .debug_macro   0x00015df3      0x5bc ./Adafruit_GFX_Library_mod/Src/Adafruit_SPITFT_mod.o
 .debug_macro   0x000163af      0x289 ./Adafruit_GFX_Library_mod/Src/Adafruit_SPITFT_mod.o
 .debug_macro   0x00016638      0x1cb ./Adafruit_GFX_Library_mod/Src/Adafruit_SPITFT_mod.o
 .debug_macro   0x00016803      0x114 ./Adafruit_GFX_Library_mod/Src/Adafruit_SPITFT_mod.o
 .debug_macro   0x00016917      0x1b2 ./Adafruit_GFX_Library_mod/Src/Adafruit_SPITFT_mod.o
 .debug_macro   0x00016ac9       0x27 ./Adafruit_GFX_Library_mod/Src/Adafruit_SPITFT_mod.o
 .debug_macro   0x00016af0      0x136 ./Adafruit_GFX_Library_mod/Src/Adafruit_SPITFT_mod.o
 .debug_macro   0x00016c26      0x1bc ./Adafruit_GFX_Library_mod/Src/Adafruit_SPITFT_mod.o
 .debug_macro   0x00016de2       0x34 ./Adafruit_GFX_Library_mod/Src/Adafruit_SPITFT_mod.o
 .debug_macro   0x00016e16       0x3c ./Adafruit_GFX_Library_mod/Src/Adafruit_SPITFT_mod.o
 .debug_macro   0x00016e52       0x57 ./Adafruit_GFX_Library_mod/Src/Adafruit_SPITFT_mod.o
 .debug_macro   0x00016ea9       0x87 ./Adafruit_GFX_Library_mod/Src/Adafruit_SPITFT_mod.o
 .debug_macro   0x00016f30      0x240 ./Adafruit_GFX_Library_mod/Src/Adafruit_SPITFT_mod.o
 .debug_macro   0x00017170      0x140 ./Adafruit_GFX_Library_mod/Src/Adafruit_SPITFT_mod.o
 .debug_macro   0x000172b0      0x217 ./Adafruit_GFX_Library_mod/Src/Adafruit_SPITFT_mod.o
 .debug_macro   0x000174c7       0x83 ./Adafruit_GFX_Library_mod/Src/Adafruit_SPITFT_mod.o
 .debug_macro   0x0001754a       0x1c ./Adafruit_GFX_Library_mod/Src/Adafruit_SPITFT_mod.o
 .debug_macro   0x00017566      0x620 ./Adafruit_ST7735_and_ST7789_Library_mod/Src/Adafruit_ST7735_mod.o
 .debug_macro   0x00017b86      0x10c ./Adafruit_ST7735_and_ST7789_Library_mod/Src/Adafruit_ST7735_mod.o
 .debug_macro   0x00017c92       0xd6 ./Adafruit_ST7735_and_ST7789_Library_mod/Src/Adafruit_ST7735_mod.o
 .debug_macro   0x00017d68      0x649 ./Adafruit_ST7735_and_ST7789_Library_mod/Src/Adafruit_ST77xx_mod.o
 .debug_macro   0x000183b1       0x7c ./Adafruit_ST7735_and_ST7789_Library_mod/Src/Adafruit_ST77xx_mod.o
 .debug_macro   0x0001842d       0x17 ./Adafruit_ST7735_and_ST7789_Library_mod/Src/Adafruit_ST77xx_mod.o
 .debug_macro   0x00018444       0xee ./Adafruit_ST7735_and_ST7789_Library_mod/Src/Adafruit_ST77xx_mod.o
 .debug_macro   0x00018532      0x630 ./Core/Src/CppMain.o
 .debug_macro   0x00018b62       0x5c ./Core/Src/CppMain.o
 .debug_macro   0x00018bbe      0x198 ./Core/Src/main.o
 .debug_macro   0x00018d56      0xd23 ./Core/Src/main.o
 .debug_macro   0x00019a79      0x189 ./Core/Src/main.o
 .debug_macro   0x00019c02      0x198 ./Core/Src/stm32f1xx_hal_msp.o
 .debug_macro   0x00019d9a      0x1a2 ./Core/Src/stm32f1xx_it.o
 .debug_macro   0x00019f3c      0x18e ./Core/Src/system_stm32f1xx.o
 .debug_macro   0x0001a0ca      0x1b2 ./Drivers/STM32F1xx_HAL_Driver/Src/stm32f1xx_hal.o
 .debug_macro   0x0001a27c      0x18e ./Drivers/STM32F1xx_HAL_Driver/Src/stm32f1xx_hal_cortex.o
 .debug_macro   0x0001a40a      0x1f9 ./Drivers/STM32F1xx_HAL_Driver/Src/stm32f1xx_hal_gpio.o
 .debug_macro   0x0001a603      0x1a0 ./Drivers/STM32F1xx_HAL_Driver/Src/stm32f1xx_hal_rcc.o
 .debug_macro   0x0001a7a3      0x196 ./Drivers/STM32F1xx_HAL_Driver/Src/stm32f1xx_hal_spi.o

.debug_line     0x00000000    0x106fd
 .debug_line    0x00000000     0x3834 ./Adafruit_GFX_Library_mod/Src/Adafruit_GFX_mod.o
 .debug_line    0x00003834     0x1d7a ./Adafruit_GFX_Library_mod/Src/Adafruit_SPITFT_mod.o
 .debug_line    0x000055ae     0x16c1 ./Adafruit_ST7735_and_ST7789_Library_mod/Src/Adafruit_ST7735_mod.o
 .debug_line    0x00006c6f     0x1748 ./Adafruit_ST7735_and_ST7789_Library_mod/Src/Adafruit_ST77xx_mod.o
 .debug_line    0x000083b7     0x1c28 ./Core/Src/CppMain.o
 .debug_line    0x00009fdf      0x7ad ./Core/Src/main.o
 .debug_line    0x0000a78c      0x723 ./Core/Src/stm32f1xx_hal_msp.o
 .debug_line    0x0000aeaf      0x78d ./Core/Src/stm32f1xx_it.o
 .debug_line    0x0000b63c      0x749 ./Core/Src/system_stm32f1xx.o
 .debug_line    0x0000bd85       0x78 ./Core/Startup/startup_stm32f103c8tx.o
 .debug_line    0x0000bdfd      0x976 ./Drivers/STM32F1xx_HAL_Driver/Src/stm32f1xx_hal.o
 .debug_line    0x0000c773      0xb62 ./Drivers/STM32F1xx_HAL_Driver/Src/stm32f1xx_hal_cortex.o
 .debug_line    0x0000d2d5      0xa0f ./Drivers/STM32F1xx_HAL_Driver/Src/stm32f1xx_hal_gpio.o
 .debug_line    0x0000dce4      0xd7f ./Drivers/STM32F1xx_HAL_Driver/Src/stm32f1xx_hal_rcc.o
 .debug_line    0x0000ea63     0x1c9a ./Drivers/STM32F1xx_HAL_Driver/Src/stm32f1xx_hal_spi.o

.debug_str      0x00000000    0x91cbd
 .debug_str     0x00000000    0x16647 ./Adafruit_GFX_Library_mod/Src/Adafruit_GFX_mod.o
                              0x16d67 (size before relaxing)
 .debug_str     0x00016647    0x78bc4 ./Adafruit_GFX_Library_mod/Src/Adafruit_SPITFT_mod.o
                              0x8580b (size before relaxing)
 .debug_str     0x0008f20b      0x98d ./Adafruit_ST7735_and_ST7789_Library_mod/Src/Adafruit_ST7735_mod.o
                              0x8a2b4 (size before relaxing)
 .debug_str     0x0008fb98      0x5a4 ./Adafruit_ST7735_and_ST7789_Library_mod/Src/Adafruit_ST77xx_mod.o
                              0x85785 (size before relaxing)
 .debug_str     0x0009013c      0x2e0 ./Core/Src/CppMain.o
                              0x8a31a (size before relaxing)
 .debug_str     0x0009041c      0x40c ./Core/Src/main.o
                              0x7c78f (size before relaxing)
 .debug_str     0x00090828       0x91 ./Core/Src/stm32f1xx_hal_msp.o
                              0x7c5f1 (size before relaxing)
 .debug_str     0x000908b9       0xc9 ./Core/Src/stm32f1xx_it.o
                              0x7c1ab (size before relaxing)
 .debug_str     0x00090982       0x7e ./Core/Src/system_stm32f1xx.o
                              0x7c1c1 (size before relaxing)
 .debug_str     0x00090a00       0x44 ./Core/Startup/startup_stm32f103c8tx.o
                                 0x7a (size before relaxing)
 .debug_str     0x00090a44      0x599 ./Drivers/STM32F1xx_HAL_Driver/Src/stm32f1xx_hal.o
                              0x7c8f4 (size before relaxing)
 .debug_str     0x00090fdd      0x2a8 ./Drivers/STM32F1xx_HAL_Driver/Src/stm32f1xx_hal_cortex.o
                              0x7c840 (size before relaxing)
 .debug_str     0x00091285      0x2d0 ./Drivers/STM32F1xx_HAL_Driver/Src/stm32f1xx_hal_gpio.o
                              0x7c547 (size before relaxing)
 .debug_str     0x00091555      0x21e ./Drivers/STM32F1xx_HAL_Driver/Src/stm32f1xx_hal_rcc.o
                              0x7c5f0 (size before relaxing)
 .debug_str     0x00091773      0x54a ./Drivers/STM32F1xx_HAL_Driver/Src/stm32f1xx_hal_spi.o
                              0x7cae7 (size before relaxing)

.comment        0x00000000       0x43
 .comment       0x00000000       0x43 ./Adafruit_GFX_Library_mod/Src/Adafruit_GFX_mod.o
                                 0x44 (size before relaxing)
 .comment       0x00000043       0x44 ./Adafruit_GFX_Library_mod/Src/Adafruit_SPITFT_mod.o
 .comment       0x00000043       0x44 ./Adafruit_ST7735_and_ST7789_Library_mod/Src/Adafruit_ST7735_mod.o
 .comment       0x00000043       0x44 ./Adafruit_ST7735_and_ST7789_Library_mod/Src/Adafruit_ST77xx_mod.o
 .comment       0x00000043       0x44 ./Core/Src/CppMain.o
 .comment       0x00000043       0x44 ./Core/Src/main.o
 .comment       0x00000043       0x44 ./Core/Src/stm32f1xx_hal_msp.o
 .comment       0x00000043       0x44 ./Core/Src/stm32f1xx_it.o
 .comment       0x00000043       0x44 ./Core/Src/system_stm32f1xx.o
 .comment       0x00000043       0x44 ./Drivers/STM32F1xx_HAL_Driver/Src/stm32f1xx_hal.o
 .comment       0x00000043       0x44 ./Drivers/STM32F1xx_HAL_Driver/Src/stm32f1xx_hal_cortex.o
 .comment       0x00000043       0x44 ./Drivers/STM32F1xx_HAL_Driver/Src/stm32f1xx_hal_gpio.o
 .comment       0x00000043       0x44 ./Drivers/STM32F1xx_HAL_Driver/Src/stm32f1xx_hal_rcc.o
 .comment       0x00000043       0x44 ./Drivers/STM32F1xx_HAL_Driver/Src/stm32f1xx_hal_spi.o

.debug_frame    0x00000000     0x2ecc
 .debug_frame   0x00000000      0xe50 ./Adafruit_GFX_Library_mod/Src/Adafruit_GFX_mod.o
 .debug_frame   0x00000e50      0x55c ./Adafruit_GFX_Library_mod/Src/Adafruit_SPITFT_mod.o
 .debug_frame   0x000013ac       0xa4 ./Adafruit_ST7735_and_ST7789_Library_mod/Src/Adafruit_ST7735_mod.o
 .debug_frame   0x00001450      0x15c ./Adafruit_ST7735_and_ST7789_Library_mod/Src/Adafruit_ST77xx_mod.o
 .debug_frame   0x000015ac      0x36c ./Core/Src/CppMain.o
 .debug_frame   0x00001918       0xa8 ./Core/Src/main.o
 .debug_frame   0x000019c0       0x80 ./Core/Src/stm32f1xx_hal_msp.o
 .debug_frame   0x00001a40      0x104 ./Core/Src/stm32f1xx_it.o
 .debug_frame   0x00001b44       0x58 ./Core/Src/system_stm32f1xx.o
 .debug_frame   0x00001b9c      0x334 ./Drivers/STM32F1xx_HAL_Driver/Src/stm32f1xx_hal.o
 .debug_frame   0x00001ed0      0x428 ./Drivers/STM32F1xx_HAL_Driver/Src/stm32f1xx_hal_cortex.o
 .debug_frame   0x000022f8      0x14c ./Drivers/STM32F1xx_HAL_Driver/Src/stm32f1xx_hal_gpio.o
 .debug_frame   0x00002444      0x218 ./Drivers/STM32F1xx_HAL_Driver/Src/stm32f1xx_hal_rcc.o
 .debug_frame   0x0000265c      0x824 ./Drivers/STM32F1xx_HAL_Driver/Src/stm32f1xx_hal_spi.o
 .debug_frame   0x00002e80       0x20 C:/ST/STM32CubeIDE_1.15.0/STM32CubeIDE/plugins/com.st.stm32cube.ide.mcu.externaltools.gnu-tools-for-stm32.12.3.rel1.win32_1.1.0.202410251130/tools/bin/../lib/gcc/arm-none-eabi/12.3.1/../../../../arm-none-eabi/lib/thumb/v7-m/nofp\libc_nano.a(libc_a-memset.o)
 .debug_frame   0x00002ea0       0x2c C:/ST/STM32CubeIDE_1.15.0/STM32CubeIDE/plugins/com.st.stm32cube.ide.mcu.externaltools.gnu-tools-for-stm32.12.3.rel1.win32_1.1.0.202410251130/tools/bin/../lib/gcc/arm-none-eabi/12.3.1/../../../../arm-none-eabi/lib/thumb/v7-m/nofp\libc_nano.a(libc_a-init.o)

.debug_line_str
                0x00000000       0x5e
 .debug_line_str
                0x00000000       0x5e ./Core/Startup/startup_stm32f103c8tx.o
