21:01:14 **** Incremental Build of configuration Debug for project OLED_ ****
make -j8 all 
arm-none-eabi-gcc "../Core/Src/main.c" -mcpu=cortex-m3 -std=gnu11 -g3 -DDEBUG -DUSE_HAL_DRIVER -DSTM32F103xB -c -I../Core/Inc -I../Drivers/STM32F1xx_HAL_Driver/Inc/Legacy -I../Drivers/STM32F1xx_HAL_Driver/Inc -I../Drivers/CMSIS/Device/ST/STM32F1xx/Include -I../Drivers/CMSIS/Include -I"C:/Users/HP/STM32CubeIDE/workspace_1.12.1/OLED_/OLED_Driver/Inc" -O0 -ffunction-sections -fdata-sections -Wall -fstack-usage -fcyclomatic-complexity -MMD -MP -MF"Core/Src/main.d" -MT"Core/Src/main.o" --specs=nano.specs -mfloat-abi=soft -mthumb -o "Core/Src/main.o"
arm-none-eabi-gcc "../Core/Src/ssd1306.c" -mcpu=cortex-m3 -std=gnu11 -g3 -DDEBUG -DUSE_HAL_DRIVER -DSTM32F103xB -c -I../Core/Inc -I../Drivers/STM32F1xx_HAL_Driver/Inc/Legacy -I../Drivers/STM32F1xx_HAL_Driver/Inc -I../Drivers/CMSIS/Device/ST/STM32F1xx/Include -I../Drivers/CMSIS/Include -I"C:/Users/HP/STM32CubeIDE/workspace_1.12.1/OLED_/OLED_Driver/Inc" -O0 -ffunction-sections -fdata-sections -Wall -fstack-usage -fcyclomatic-complexity -MMD -MP -MF"Core/Src/ssd1306.d" -MT"Core/Src/ssd1306.o" --specs=nano.specs -mfloat-abi=soft -mthumb -o "Core/Src/ssd1306.o"
arm-none-eabi-gcc -o "OLED_.elf" @"objects.list"   -mcpu=cortex-m3 -T"D:\Tutorials_Software_Files\workspace_1.12.1\OLED_\STM32F103C8TX_FLASH.ld" --specs=nosys.specs -Wl,-Map="OLED_.map" -Wl,--gc-sections -static --specs=nano.specs -mfloat-abi=soft -mthumb -Wl,--start-group -lc -lm -Wl,--end-group
C:/ST/STM32CubeIDE_1.15.0/STM32CubeIDE/plugins/com.st.stm32cube.ide.mcu.externaltools.gnu-tools-for-stm32.12.3.rel1.win32_1.0.100.202403111256/tools/bin/../lib/gcc/arm-none-eabi/12.3.1/../../../../arm-none-eabi/bin/ld.exe: warning: OLED_.elf has a LOAD segment with RWX permissions
Finished building target: OLED_.elf
 
arm-none-eabi-size  OLED_.elf 
arm-none-eabi-objdump -h -S OLED_.elf  > "OLED_.list"
arm-none-eabi-objcopy  -O ihex OLED_.elf  "OLED_.hex"
   text	   data	    bss	    dec	    hex	filename
  25316	     36	   2684	  28036	   6d84	OLED_.elf
arm-none-eabi-objcopy  -O binary OLED_.elf  "OLED_.bin"
Finished building: default.size.stdout
 
Finished building: OLED_.hex
Finished building: OLED_.bin
 
 
Finished building: OLED_.list
 

21:01:16 Build Finished. 0 errors, 1 warnings. (took 1s.676ms)

