10:00:48 **** Incremental Build of configuration Debug for project rtc ****
make -j8 all 
arm-none-eabi-gcc "../Core/Src/main.c" -mcpu=cortex-m3 -std=gnu11 -g3 -DDEBUG -DUSE_HAL_DRIVER -DSTM32F103xB -c -I../Core/Inc -I../Drivers/STM32F1xx_HAL_Driver/Inc/Legacy -I../Drivers/STM32F1xx_HAL_Driver/Inc -I../Drivers/CMSIS/Device/ST/STM32F1xx/Include -I../Drivers/CMSIS/Include -O0 -ffunction-sections -fdata-sections -Wall -fstack-usage -fcyclomatic-complexity -MMD -MP -MF"Core/Src/main.d" -MT"Core/Src/main.o" --specs=nano.specs -mfloat-abi=soft -mthumb -o "Core/Src/main.o"
arm-none-eabi-gcc -o "rtc.elf" @"objects.list"   -mcpu=cortex-m3 -T"C:\Users\User\STM32CubeIDE\workspace_1.15.0\rtc\STM32F103C8TX_FLASH.ld" --specs=nosys.specs -Wl,-Map="rtc.map" -Wl,--gc-sections -static --specs=nano.specs -mfloat-abi=soft -mthumb -Wl,--start-group -lc -lm -Wl,--end-group
Finished building target: rtc.elf
 
arm-none-eabi-size  rtc.elf 
arm-none-eabi-objdump -h -S rtc.elf  > "rtc.list"
   text	   data	    bss	    dec	    hex	filename
  18144	    100	   3036	  21280	   5320	rtc.elf
arm-none-eabi-objcopy  -O ihex rtc.elf  "rtc.hex"
arm-none-eabi-objcopy  -O binary rtc.elf  "rtc.bin"
Finished building: default.size.stdout
 
Finished building: rtc.hex
Finished building: rtc.bin
 
 
Finished building: rtc.list
 

10:00:51 Build Finished. 0 errors, 0 warnings. (took 2s.540ms)

