15:06:15 **** Build of configuration Debug for project test4 ****
make -j8 all 
arm-none-eabi-gcc -o "test4.elf" @"objects.list"   -mcpu=cortex-m3 -T"C:\Users\User\STM32CubeIDE\workspace_1.15.0\test4\STM32F103C8TX_FLASH.ld" --specs=nosys.specs -Wl,-Map="test4.map" -Wl,--gc-sections -static --specs=nano.specs -mfloat-abi=soft -mthumb -Wl,--start-group -lc -lm -Wl,--end-group
Finished building target: test4.elf
 
arm-none-eabi-size  test4.elf 
arm-none-eabi-objdump -h -S test4.elf  > "test4.list"
arm-none-eabi-objcopy  -O ihex test4.elf  "test4.hex"
   text	   data	    bss	    dec	    hex	filename
    564	      0	   1568	   2132	    854	test4.elf
arm-none-eabi-objcopy  -O binary test4.elf  "test4.bin"
Finished building: default.size.stdout
 
Finished building: test4.hex
Finished building: test4.bin
 
Finished building: test4.list
 
 

15:06:15 Build Finished. 0 errors, 0 warnings. (took 458ms)

