20:40:11 **** Incremental Build of configuration Debug for project TFT ****
make -j8 all 
arm-none-eabi-g++ "../Core/Src/CppMain.cpp" -mcpu=cortex-m3 -std=gnu++14 -g3 -DDEBUG -DUSE_HAL_DRIVER -DSTM32F103xB -c -I../Core/Inc -I../Drivers/STM32F1xx_HAL_Driver/Inc/Legacy -I../Drivers/STM32F1xx_HAL_Driver/Inc -I../Drivers/CMSIS/Device/ST/STM32F1xx/Include -I../Drivers/CMSIS/Include -I"C:/Users/User/STM32CubeIDE/workspace_1.15.0/TFT/Adafruit_ST7735_and_ST7789_Library_mod/Inc" -I"C:/Users/User/STM32CubeIDE/workspace_1.15.0/TFT/Adafruit_GFX_Library_mod/Inc" -I"C:/Users/User/STM32CubeIDE/workspace_1.15.0/TFT/Adafruit_GFX_Library_mod/Inc/Fonts" -O0 -ffunction-sections -fdata-sections -fno-exceptions -fno-rtti -fno-use-cxa-atexit -Wall -fstack-usage -fcyclomatic-complexity -MMD -MP -MF"Core/Src/CppMain.d" -MT"Core/Src/CppMain.o" --specs=nano.specs -mfloat-abi=soft -mthumb -o "Core/Src/CppMain.o"
arm-none-eabi-gcc "../Core/Src/main.c" -mcpu=cortex-m3 -std=gnu11 -g3 -DDEBUG -DUSE_HAL_DRIVER -DSTM32F103xB -c -I../Core/Inc -I../Drivers/STM32F1xx_HAL_Driver/Inc/Legacy -I../Drivers/STM32F1xx_HAL_Driver/Inc -I../Drivers/CMSIS/Device/ST/STM32F1xx/Include -I../Drivers/CMSIS/Include -I"C:/Users/User/STM32CubeIDE/workspace_1.15.0/TFT/Adafruit_GFX_Library_mod/Inc" -I"C:/Users/User/STM32CubeIDE/workspace_1.15.0/TFT/Adafruit_ST7735_and_ST7789_Library_mod/Inc" -O0 -ffunction-sections -fdata-sections -Wall -fstack-usage -fcyclomatic-complexity -MMD -MP -MF"Core/Src/main.d" -MT"Core/Src/main.o" --specs=nano.specs -mfloat-abi=soft -mthumb -o "Core/Src/main.o"
arm-none-eabi-gcc "../Core/Src/stm32f1xx_hal_msp.c" -mcpu=cortex-m3 -std=gnu11 -g3 -DDEBUG -DUSE_HAL_DRIVER -DSTM32F103xB -c -I../Core/Inc -I../Drivers/STM32F1xx_HAL_Driver/Inc/Legacy -I../Drivers/STM32F1xx_HAL_Driver/Inc -I../Drivers/CMSIS/Device/ST/STM32F1xx/Include -I../Drivers/CMSIS/Include -I"C:/Users/User/STM32CubeIDE/workspace_1.15.0/TFT/Adafruit_GFX_Library_mod/Inc" -I"C:/Users/User/STM32CubeIDE/workspace_1.15.0/TFT/Adafruit_ST7735_and_ST7789_Library_mod/Inc" -O0 -ffunction-sections -fdata-sections -Wall -fstack-usage -fcyclomatic-complexity -MMD -MP -MF"Core/Src/stm32f1xx_hal_msp.d" -MT"Core/Src/stm32f1xx_hal_msp.o" --specs=nano.specs -mfloat-abi=soft -mthumb -o "Core/Src/stm32f1xx_hal_msp.o"
arm-none-eabi-gcc "../Core/Src/stm32f1xx_it.c" -mcpu=cortex-m3 -std=gnu11 -g3 -DDEBUG -DUSE_HAL_DRIVER -DSTM32F103xB -c -I../Core/Inc -I../Drivers/STM32F1xx_HAL_Driver/Inc/Legacy -I../Drivers/STM32F1xx_HAL_Driver/Inc -I../Drivers/CMSIS/Device/ST/STM32F1xx/Include -I../Drivers/CMSIS/Include -I"C:/Users/User/STM32CubeIDE/workspace_1.15.0/TFT/Adafruit_GFX_Library_mod/Inc" -I"C:/Users/User/STM32CubeIDE/workspace_1.15.0/TFT/Adafruit_ST7735_and_ST7789_Library_mod/Inc" -O0 -ffunction-sections -fdata-sections -Wall -fstack-usage -fcyclomatic-complexity -MMD -MP -MF"Core/Src/stm32f1xx_it.d" -MT"Core/Src/stm32f1xx_it.o" --specs=nano.specs -mfloat-abi=soft -mthumb -o "Core/Src/stm32f1xx_it.o"
arm-none-eabi-g++ -o "TFT.elf" @"objects.list"   -mcpu=cortex-m3 -T"C:\Users\User\STM32CubeIDE\workspace_1.15.0\TFT\STM32F103C8TX_FLASH.ld" --specs=nosys.specs -Wl,-Map="TFT.map" -Wl,--gc-sections -static --specs=nano.specs -mfloat-abi=soft -mthumb -Wl,--start-group -lc -lm -lstdc++ -lsupc++ -Wl,--end-group
Finished building target: TFT.elf
 
arm-none-eabi-size  TFT.elf 
arm-none-eabi-objdump -h -S TFT.elf  > "TFT.list"
   text	   data	    bss	    dec	    hex	filename
  22528	     12	   1732	  24272	   5ed0	TFT.elf
arm-none-eabi-objcopy  -O ihex TFT.elf  "TFT.hex"
arm-none-eabi-objcopy  -O binary TFT.elf  "TFT.bin"
Finished building: default.size.stdout
 
Finished building: TFT.hex
Finished building: TFT.bin
 
 
Finished building: TFT.list
 

20:40:15 Build Finished. 0 errors, 0 warnings. (took 4s.176ms)

